Archive member included because of file (symbol)

/usr/lib/gcc/avr/4.3.4/../../../avr/lib/avr51/libprintf_min.a(vfprintf_min.o)
                              (vfprintf)
/usr/lib/gcc/avr/4.3.4/avr51/libgcc.a(_mulsi3.o)
                              ../../../src/net/rt_link/rt_link.o (__mulsi3)
/usr/lib/gcc/avr/4.3.4/avr51/libgcc.a(_udivmodhi4.o)
                              ../../../src/kernel/source/nrk_scheduler.o (__udivmodhi4)
/usr/lib/gcc/avr/4.3.4/avr51/libgcc.a(_divmodhi4.o)
                              ../../../src/net/rt_link/rt_link.o (__divmodhi4)
/usr/lib/gcc/avr/4.3.4/avr51/libgcc.a(_udivmodsi4.o)
                              ../../../src/net/rt_link/rt_link.o (__udivmodsi4)
/usr/lib/gcc/avr/4.3.4/avr51/libgcc.a(_exit.o)
                              /usr/lib/gcc/avr/4.3.4/../../../avr/lib/avr51/crtm1281.o (exit)
/usr/lib/gcc/avr/4.3.4/avr51/libgcc.a(_clear_bss.o)
                              main.o (__do_clear_bss)
/usr/lib/gcc/avr/4.3.4/../../../avr/lib/avr51/libc.a(rand.o)
                              ../../../src/net/rt_link/rt_link.o (rand)
/usr/lib/gcc/avr/4.3.4/../../../avr/lib/avr51/libc.a(atoi.o)
                              main.o (atoi)
/usr/lib/gcc/avr/4.3.4/../../../avr/lib/avr51/libc.a(strchr_P.o)
                              /usr/lib/gcc/avr/4.3.4/../../../avr/lib/avr51/libprintf_min.a(vfprintf_min.o) (strchr_P)
/usr/lib/gcc/avr/4.3.4/../../../avr/lib/avr51/libc.a(mul10.o)
                              /usr/lib/gcc/avr/4.3.4/../../../avr/lib/avr51/libc.a(atoi.o) (__mulhi_const_10)
/usr/lib/gcc/avr/4.3.4/../../../avr/lib/avr51/libc.a(fdevopen.o)
                              ../../../src/platform/firefly2_2/source/ulib.o (fdevopen)
/usr/lib/gcc/avr/4.3.4/../../../avr/lib/avr51/libc.a(fputc.o)
                              ../../../src/platform/firefly2_2/source/ulib.o (fputc)
/usr/lib/gcc/avr/4.3.4/../../../avr/lib/avr51/libc.a(iob.o)
                              ../../../src/platform/firefly2_2/source/ulib.o (__iob)
/usr/lib/gcc/avr/4.3.4/../../../avr/lib/avr51/libc.a(printf.o)
                              main.o (printf)
/usr/lib/gcc/avr/4.3.4/../../../avr/lib/avr51/libc.a(sprintf.o)
                              main.o (sprintf)
/usr/lib/gcc/avr/4.3.4/../../../avr/lib/avr51/libc.a(ultoa_invert.o)
                              /usr/lib/gcc/avr/4.3.4/../../../avr/lib/avr51/libprintf_min.a(vfprintf_min.o) (__ultoa_invert)
/usr/lib/gcc/avr/4.3.4/../../../avr/lib/avr51/libc.a(eerd_byte_atmega1281.o)
                              ../../../src/platform/firefly2_2/source/nrk_eeprom.o (__eerd_byte_m1281)
/usr/lib/gcc/avr/4.3.4/../../../avr/lib/avr51/libc.a(eewr_byte_atmega1281.o)
                              ../../../src/platform/firefly2_2/source/nrk_eeprom.o (__eewr_byte_m1281)
/usr/lib/gcc/avr/4.3.4/../../../avr/lib/avr51/libc.a(calloc.o)
                              /usr/lib/gcc/avr/4.3.4/../../../avr/lib/avr51/libc.a(fdevopen.o) (calloc)
/usr/lib/gcc/avr/4.3.4/../../../avr/lib/avr51/libc.a(malloc.o)
                              /usr/lib/gcc/avr/4.3.4/../../../avr/lib/avr51/libc.a(calloc.o) (malloc)
/usr/lib/gcc/avr/4.3.4/../../../avr/lib/avr51/libc.a(memset.o)
                              /usr/lib/gcc/avr/4.3.4/../../../avr/lib/avr51/libc.a(calloc.o) (memset)
/usr/lib/gcc/avr/4.3.4/avr51/libgcc.a(_divmodsi4.o)
                              /usr/lib/gcc/avr/4.3.4/../../../avr/lib/avr51/libc.a(rand.o) (__divmodsi4)

Allocating common symbols
Common symbol       size              file

rx_ctr              0x4               ../../../src/radio/cc2420/source/basic_rf.o
last_slot_time      0x8               main.o
entry               0x6               main.o
rtl_param           0x9               main.o
_free_node          0x2               ../../../src/kernel/source/nrk.o
app_timer0_callback
                    0x2               ../../../src/net/rt_link/rt_link.o
nrk_task_TCB        0x63              ../../../src/kernel/source/nrk.o
cycle_callback      0x2               main.o
next_next_wakeup    0x2               ../../../src/kernel/source/nrk.o
ext_int1_callback   0x2               ../../../src/kernel/hal/atmega1281/nrk_ext_int.o
tsync_log           0x8               ../../../src/net/rt_link/rt_link.o
radio_sem           0x2               ../../../src/radio/cc2420/source/basic_rf.o
rtl_rx_pkt_signal   0x1               ../../../src/net/rt_link/rt_link.o
_rtl_ready          0x1               main.o
global_cycle        0x2               ../../../src/net/rt_link/rt_link.o
tsync_delay         0x8               ../../../src/net/rt_link/rt_link.o
rtl_task_stack      0x80              main.o
rtl_tx_data_ready   0x4               main.o
ext_int0_callback   0x2               ../../../src/kernel/hal/atmega1281/nrk_ext_int.o
nrk_sem_list        0x6               ../../../src/kernel/source/nrk.o
security_enable     0x1               ../../../src/radio/cc2420/source/basic_rf.o
nrk_task_init_cnt   0x1               ../../../src/kernel/source/nrk.o
[...]
Memory Configuration

Name             Origin             Length             Attributes
text             0x00000000         0x00020000         xr
data             0x00800060         0x0000ffa0         rw !x
eeprom           0x00810000         0x00010000         rw !x
fuse             0x00820000         0x00000400         rw !x
lock             0x00830000         0x00000400         rw !x
signature        0x00840000         0x00000400         rw !x
*default*        0x00000000         0xffffffff

Linker script and memory map

Address of section .data set to 0x800200
LOAD /usr/lib/gcc/avr/4.3.4/../../../avr/lib/avr51/crtm1281.o
LOAD main.o
LOAD ../../../src/net/rt_link/rt_link.o
LOAD ../../../src/net/rt_link/rtl_scheduler.o
LOAD ../../../src/net/rt_link/rtl_debug.o
LOAD ../../../src/drivers/platform/firefly2_2/source/ff_basic_sensor.o
LOAD ../../../src/radio/cc2420/source/hal_rf_set_channel.o
LOAD ../../../src/radio/cc2420/source/hal_rf_wait_for_crystal_oscillator.o
LOAD ../../../src/radio/cc2420/source/basic_rf.o
LOAD ../../../src/platform/firefly2_2/source/ulib.o
LOAD ../../../src/platform/firefly2_2/source/hal_wait.o
LOAD ../../../src/platform/firefly2_2/source/nrk_eeprom.o
LOAD ../../../src/kernel/source/nrk.o
LOAD ../../../src/kernel/source/nrk_stats.o
LOAD ../../../src/kernel/source/nrk_error.o
LOAD ../../../src/kernel/source/nrk_stack_check.o
LOAD ../../../src/kernel/source/nrk_events.o
LOAD ../../../src/kernel/source/nrk_task.o
LOAD ../../../src/kernel/source/nrk_time.o
LOAD ../../../src/kernel/source/nrk_idle_task.o
LOAD ../../../src/kernel/source/nrk_scheduler.o
LOAD ../../../src/kernel/source/nrk_driver.o
LOAD ../../../src/kernel/source/nrk_reserve.o
LOAD ../../../src/kernel/hal/atmega1281/nrk_timer.o
LOAD ../../../src/kernel/hal/atmega1281/nrk_ext_int.o
LOAD ../../../src/kernel/hal/atmega1281/nrk_status.o
LOAD ../../../src/kernel/hal/atmega1281/nrk_watchdog.o
LOAD ../../../src/kernel/hal/atmega1281/nrk_cpu.o
LOAD ../../../src/kernel/hal/atmega1281/atmel_hw_specific.o
LOAD /usr/lib/gcc/avr/4.3.4/../../../avr/lib/avr51/libprintf_min.a
LOAD /usr/lib/gcc/avr/4.3.4/../../../avr/lib/avr51/libm.a
LOAD /usr/lib/gcc/avr/4.3.4/avr51/libgcc.a
LOAD /usr/lib/gcc/avr/4.3.4/../../../avr/lib/avr51/libc.a
LOAD /usr/lib/gcc/avr/4.3.4/avr51/libgcc.a

.hash
 *(.hash)

.dynsym
 *(.dynsym)

.dynstr
 *(.dynstr)

.gnu.version
 *(.gnu.version)

.gnu.version_d
 *(.gnu.version_d)

.gnu.version_r
 *(.gnu.version_r)

.rel.init
 *(.rel.init)

.rela.init
 *(.rela.init)

.rel.text
 *(.rel.text)
 *(.rel.text.*)
 *(.rel.gnu.linkonce.t*)

.rela.text
 *(.rela.text)
 *(.rela.text.*)
 *(.rela.gnu.linkonce.t*)

.rel.fini
 *(.rel.fini)

.rela.fini
 *(.rela.fini)

.rel.rodata
 *(.rel.rodata)
 *(.rel.rodata.*)
 *(.rel.gnu.linkonce.r*)

.rela.rodata
 *(.rela.rodata)
 *(.rela.rodata.*)
 *(.rela.gnu.linkonce.r*)

.rel.data
 *(.rel.data)
 *(.rel.data.*)
 *(.rel.gnu.linkonce.d*)

.rela.data
 *(.rela.data)
 *(.rela.data.*)
 *(.rela.gnu.linkonce.d*)

.rel.ctors
 *(.rel.ctors)

.rela.ctors
 *(.rela.ctors)

.rel.dtors
 *(.rel.dtors)

.rela.dtors
 *(.rela.dtors)

.rel.got
 *(.rel.got)

.rela.got
 *(.rela.got)

.rel.bss
 *(.rel.bss)

.rela.bss
 *(.rela.bss)

.rel.plt
 *(.rel.plt)

.rela.plt
 *(.rela.plt)

.text           0x00000000     0x7470
 *(.vectors)
 .vectors       0x00000000       0xcc /usr/lib/gcc/avr/4.3.4/../../../avr/lib/avr51/crtm1281.o
                0x00000000                __vectors
 *(.vectors)
 *(.progmem.gcc*)
 .progmem.gcc_sw_table
                0x000000cc       0x24 ../../../src/kernel/source/nrk_error.o
 *(.progmem*)
 .progmem.data  0x000000f0       0x3e main.o
 .progmem.data  0x0000012e       0x56 ../../../src/net/rt_link/rt_link.o
 .progmem.data  0x00000184       0x59 ../../../src/radio/cc2420/source/basic_rf.o
 .progmem.data  0x000001dd      0x1c8 ../../../src/kernel/source/nrk_error.o
 .progmem.data  0x000003a5        0xf ../../../src/kernel/source/nrk_stack_check.o
 .progmem.data  0x000003b4       0x17 /usr/lib/gcc/avr/4.3.4/../../../avr/lib/avr51/libprintf_min.a(vfprintf_min.o)
                0x000003cc                . = ALIGN (0x2)
 *fill*         0x000003cb        0x1 00
                0x000003cc                __trampolines_start = .
 *(.trampolines)
 .trampolines   0x000003cc        0x0 linker stubs
 *(.trampolines*)
                0x000003cc                __trampolines_end = .
 *(.jumptables)
 *(.jumptables*)
 *(.lowtext)
 *(.lowtext*)
                0x000003cc                __ctors_start = .
 *(.ctors)
                0x000003cc                __ctors_end = .
                0x000003cc                __dtors_start = .
 *(.dtors)
                0x000003cc                __dtors_end = .
 SORT(*)(.ctors)
 SORT(*)(.dtors)
 *(.init0)
 .init0         0x000003cc        0x0 /usr/lib/gcc/avr/4.3.4/../../../avr/lib/avr51/crtm1281.o
                0x000003cc                __init
 *(.init0)
 *(.init1)
 *(.init1)
 *(.init2)
 .init2         0x000003cc        0xc /usr/lib/gcc/avr/4.3.4/../../../avr/lib/avr51/crtm1281.o
 *(.init2)
 *(.init3)
 *(.init3)
 *(.init4)
 .init4         0x000003d8       0x1a /usr/lib/gcc/avr/4.3.4/../../../avr/lib/avr51/crtm1281.o
                0x000003d8                __do_copy_data
 .init4         0x000003f2       0x10 /usr/lib/gcc/avr/4.3.4/avr51/libgcc.a(_clear_bss.o)
                0x000003f2                __do_clear_bss
 *(.init4)
 *(.init5)
 *(.init5)
 *(.init6)
 *(.init6)
 *(.init7)
 *(.init7)
 *(.init8)
 *(.init8)
 *(.init9)
 .init9         0x00000402        0x8 /usr/lib/gcc/avr/4.3.4/../../../avr/lib/avr51/crtm1281.o
 *(.init9)
 *(.text)
 .text          0x0000040a        0x4 /usr/lib/gcc/avr/4.3.4/../../../avr/lib/avr51/crtm1281.o
                0x0000040a                __vector_38
                0x0000040a                __vector_22
                0x0000040a                __vector_28
                0x0000040a                __vector_34
                0x0000040a                __vector_24
                0x0000040a                __vector_12
                0x0000040a                __vector_46
                0x0000040a                __bad_interrupt
                0x0000040a                __vector_6
                0x0000040a                __vector_31
                0x0000040a                __vector_35
                0x0000040a                __vector_39
                0x0000040a                __vector_3
                0x0000040a                __vector_23
                0x0000040a                __vector_30
                0x0000040a                __vector_45
                0x0000040a                __vector_25
                0x0000040a                __vector_11
                0x0000040a                __vector_19
                0x0000040a                __vector_7
                0x0000040a                __vector_49
                0x0000040a                __vector_41
                0x0000040a                __vector_43
                0x0000040a                __vector_27
                0x0000040a                __vector_5
                0x0000040a                __vector_33
                0x0000040a                __vector_47
                0x0000040a                __vector_37
                0x0000040a                __vector_4
                0x0000040a                __vector_44
                0x0000040a                __vector_2
                0x0000040a                __vector_21
                0x0000040a                __vector_29
                0x0000040a                __vector_40
                0x0000040a                __vector_8
                0x0000040a                __vector_26
                0x0000040a                __vector_48
                0x0000040a                __vector_14
                0x0000040a                __vector_10
                0x0000040a                __vector_50
                0x0000040a                __vector_16
                0x0000040a                __vector_18
                0x0000040a                __vector_20
                0x0000040a                __vector_42
 .text          0x0000040e      0x5cc main.o
                0x0000040e                addToTXBuffer
                0x0000047a                nrk_register_drivers
                0x00000492                nrk_create_taskset
                0x0000054c                fetchTxBuffer
                0x000005f0                Task1
                0x00000978                main
 .text          0x000009da      0xe90 ../../../src/net/rt_link/rt_link.o
                0x000009da                rtl_get_tx_done_signal
                0x000009ec                rtl_get_rx_pkt_signal
                0x000009fe                rtl_wait_until_global_slot
                0x00000a02                rtl_ready
                0x00000a12                rtl_rx_pkt_get
                0x00000a52                rtl_get_slot
                0x00000a5e                rtl_sync_status
                0x00000a64                rtl_check_abs_tx_status
                0x00000a6a                rtl_rx_pkt_release
                0x00000a70                rtl_tx_pkt_check
                0x00000a9e                rtl_rx_pkt_check
                0x00000aa4                rtl_set_cycle_callback
                0x00000aae                rtl_set_slot_callback
                0x00000ab8                rtl_set_rx_callback
                0x00000ac2                rtl_set_tx_callback
                0x00000acc                rtl_set_abs_callback
                0x00000ad6                rtl_rx_pkt_set_buffer
                0x00000af2                rtl_task_config
                0x00000b9c                rtl_start
                0x00000bd0                rtl_set_contention
                0x00000c18                rtl_init
                0x00000d52                rtl_set_tx_power
                0x00000d58                _rtl_tx
                0x00000e76                _rtl_rx
                0x00000f78                rtl_tx_abs_pkt
                0x00000fea                _rtl_rx_sync
                0x00001242                rtl_set_channel
                0x0000124c                rtl_tx_pkt
                0x000012d2                rtl_nw_task
                0x00001674                rtl_get_global_slot
                0x00001746                rtl_wait_until_rx_or_tx
                0x00001796                rtl_wait_until_rx_pkt
                0x000017c8                rtl_wait_until_tx_done
 .text          0x0000186a      0x47e ../../../src/net/rt_link/rtl_scheduler.o
                0x0000186a                rtl_set_schedule
                0x0000191a                rtl_get_schedule
                0x00001944                rtl_clr_schedule
                0x000019ea                _rtl_clr_abs_all_wakeup
                0x00001a10                rtl_set_abs_wakeup
                0x00001a8c                _rtl_clr_abs_wakeup
                0x00001af6                _rtl_match_abs_wakeup
                0x00001bae                _rtl_get_next_abs_wakeup
                0x00001bf0                _rtl_clear_sched_cache
                0x00001c00                rtl_get_slots_until_next_wakeup
                0x00001cbc                _rtl_pow
 .text          0x00001ce8      0x1fa ../../../src/net/rt_link/rtl_debug.o
                0x00001ce8                rtl_debug_time_update
                0x00001d08                rtl_debug_time_get_drift
                0x00001d12                rtl_debug_init
                0x00001d34                bit_count
                0x00001d56                rtl_debug_get_pkt_loss
                0x00001d8c                rtl_debug_get_tsync_loss
                0x00001db2                rtl_debug_rx_pkt
                0x00001df4                rtl_debug_dropped_pkt
                0x00001e38                rtl_debug_get_tsync_delay
                0x00001e4c                rtl_debug_rx_tsync
                0x00001e96                rtl_debug_dropped_tsync
 .text          0x00001ee2      0x3c6 ../../../src/drivers/platform/firefly2_2/source/ff_basic_sensor.o
                0x00001ee2                init_adc
                0x00001f0e                delay
                0x00001f18                get_adc_val
                0x00001f48                read_voltage_status
                0x0000207c                dev_manager_ff_sensors
 .text          0x000022a8       0x3a ../../../src/radio/cc2420/source/hal_rf_set_channel.o
                0x000022a8                halRfSetChannel
 .text          0x000022e2       0x18 ../../../src/radio/cc2420/source/hal_rf_wait_for_crystal_oscillator.o
                0x000022e2                halRfWaitForCrystalOscillator
 .text          0x000022fa     0x1402 ../../../src/radio/cc2420/source/basic_rf.o
                0x000022fa                rf_security_last_pkt_status
                0x00002300                rf_security_set_ctr_counter
                0x00002386                rf_security_enable
                0x000023d2                rf_security_disable
                0x000023fa                rf_get_sem
                0x00002404                rf_addr_decode_enable
                0x00002436                rf_addr_decode_disable
                0x00002468                rf_auto_ack_enable
                0x000024a0                rf_auto_ack_disable
                0x000024d6                rf_busy
                0x000024e8                rf_rx_check_fifop
                0x000024f2                rf_rx_check_sfd
                0x00002504                rf_rx_packet
                0x00002516                rf_flush_rx_fifo
                0x00002534                rf_carrier_off
                0x0000255c                rf_carrier_on
                0x00002584                rf_data_mode
                0x000025ee                rf_test_mode
                0x0000265c                rf_set_cca_thresh
                0x000026aa                rf_polling_rx_packet
                0x00002b30                rf_rx_off
                0x00002b60                rf_polling_rx_on
                0x00002ba0                rf_rx_on
                0x00002be0                rf_tx_power
                0x00002c2a                rf_tx_packet
                0x00002f5e                rf_tx_tdma_packet
                0x00003266                rf_addr_decode_set_my_mac
                0x000032ca                rf_security_set_key
                0x00003498                rf_set_rx
                0x000034ec                rf_set_channel
                0x00003512                rf_init
 .text          0x000036fc      0x9b4 ../../../src/platform/firefly2_2/source/ulib.o
                0x000036fc                getc1
                0x0000373e                nrk_uart_data_ready
                0x00003768                nrk_setup_ports
                0x00003798                PORT_INIT
                0x000037c2                nrk_gpio_set
                0x000038b0                nrk_gpio_clr
                0x000039ac                nrk_gpio_get
                0x00003a10                nrk_gpio_toggle
                0x00003c08                nrk_gpio_direction
                0x00003dfe                nrk_get_button
                0x00003e12                nrk_led_toggle
                0x00003e46                nrk_led_clr
                0x00003e7a                nrk_led_set
                0x00003eae                nrk_gpio_pullups
                0x00003ec2                putc0
                0x00003edc                putc1
                0x00003eec                setup_uart0
                0x00003f16                setup_uart1
                0x00003f40                getc0
                0x00003f58                nrk_setup_uart
                0x00003fd2                nrk_uart_rx_signal_get
                0x00003fe6                nrk_kprintf
                0x0000400c                __vector_36
 .text          0x000040b0        0xe ../../../src/platform/firefly2_2/source/hal_wait.o
                0x000040b0                halWait
 .text          0x000040be      0x138 ../../../src/platform/firefly2_2/source/nrk_eeprom.o
                0x000040be                write_eeprom_current_image_checksum
                0x000040ce                write_eeprom_aes_key
                0x000040fc                write_eeprom_load_img_pages
                0x0000410c                nrk_eeprom_write_byte
                0x00004112                read_eeprom_current_image_checksum
                0x0000412c                read_eeprom_aes_key
                0x0000415a                read_eeprom_load_img_pages
                0x00004174                read_eeprom_channel
                0x0000418e                read_eeprom_mac_address
                0x000041f0                nrk_eeprom_read_byte
 .text          0x000041f6      0x43e ../../../src/kernel/source/nrk.o
                0x000041f6                nrk_int_disable
                0x000041fa                nrk_int_enable
                0x000041fe                nrk_halt
                0x00004202                nrk_version
                0x00004208                _nrk_timer_tick
                0x0000420e                nrk_TCB_init
                0x0000445a                nrk_start
                0x00004514                nrk_init
 .text          0x00004634        0x0 ../../../src/kernel/source/nrk_stats.o
 .text          0x00004634      0x1ac ../../../src/kernel/source/nrk_error.o
                0x00004634                _nrk_errno_set
                0x00004640                nrk_errno_get
                0x0000464c                nrk_error_get
                0x00004664                nrk_error_print
                0x000047ba                nrk_kernel_error_add
                0x000047c8                nrk_error_add
 .text          0x000047e0      0x23e ../../../src/kernel/source/nrk_stack_check.o
                0x000047e0                nrk_stack_check_pid
                0x00004824                dump_stack_info
                0x000049d8                nrk_stack_check
 .text          0x00004a1e      0x622 ../../../src/kernel/source/nrk_events.o
                0x00004a1e                nrk_signal_create
                0x00004a90                nrk_signal_get_registered_mask
                0x00004aa2                nrk_signal_unregister
                0x00004b24                nrk_signal_register
                0x00004b92                nrk_sem_create
                0x00004bea                nrk_get_resource_index
                0x00004c04                nrk_sem_delete
                0x00004c4c                nrk_sem_query
                0x00004c82                nrk_sem_post
                0x00004d2a                nrk_event_signal
                0x00004e04                nrk_signal_delete
                0x00004f1c                nrk_sem_pend
                0x00004fc6                nrk_event_wait
 .text          0x00005040      0x6d0 ../../../src/kernel/source/nrk_task.o
                0x00005040                nrk_get_high_ready_task_ID
                0x0000504c                nrk_print_readyQ
                0x00005062                nrk_add_to_readyQ
                0x000051c6                nrk_rem_from_readyQ
                0x00005284                nrk_get_pid
                0x00005290                _nrk_wait_for_scheduler
                0x000052a4                nrk_wait
                0x0000535c                nrk_wait_until
                0x00005408                nrk_wait_until_nw
                0x00005454                nrk_set_next_wakeup
                0x000054cc                nrk_wait_until_ticks
                0x00005520                nrk_wait_ticks
                0x0000558c                nrk_wait_until_next_n_periods
                0x000055f0                nrk_wait_until_next_period
                0x00005646                nrk_terminate_task
                0x00005668                nrk_activate_task
 .text          0x00005710      0x5b6 ../../../src/kernel/source/nrk_time.o
                0x00005710                nrk_time_sub
                0x00005828                nrk_time_add
                0x0000591a                nrk_time_compact_nanos
                0x0000595e                nrk_time_set
                0x00005980                _nrk_time_to_ticks
                0x00005a84                _nrk_ticks_to_time
                0x00005af8                _nrk_time_to_ticks_long
                0x00005c10                nrk_time_get
 .text          0x00005cc6       0x36 ../../../src/kernel/source/nrk_idle_task.o
                0x00005cc6                nrk_idle_task
 .text          0x00005cfc      0x3f0 ../../../src/kernel/source/nrk_scheduler.o
                0x00005cfc                _nrk_scheduler
 .text          0x000060ec      0x20a ../../../src/kernel/source/nrk_driver.o
                0x000060ec                nrk_register_driver
                0x00006122                nrk_open
                0x000061c4                nrk_get_status
                0x00006200                nrk_set_status
                0x0000623c                nrk_read
                0x0000627a                nrk_write
                0x000062b8                nrk_close
 .text          0x000062f6        0x0 ../../../src/kernel/source/nrk_reserve.o
 .text          0x000062f6      0x360 ../../../src/kernel/hal/atmega1281/nrk_timer.o
                0x000062f6                nrk_spin_wait_us
                0x00006304                _nrk_setup_timer
                0x0000636e                _nrk_high_speed_timer_stop
                0x00006374                _nrk_high_speed_timer_start
                0x0000637c                _nrk_high_speed_timer_reset
                0x0000638c                nrk_high_speed_timer_wait
                0x00006406                _nrk_high_speed_timer_get
                0x0000642c                _nrk_os_timer_stop
                0x00006442                _nrk_os_timer_set
                0x00006448                _nrk_os_timer_start
                0x0000645a                _nrk_os_timer_reset
                0x0000646e                _nrk_get_next_wakeup
                0x00006476                _nrk_set_next_wakeup
                0x0000647e                nrk_timer_int_stop
                0x0000648a                nrk_timer_int_reset
                0x0000649e                nrk_timer_int_read
                0x000064b4                nrk_timer_int_start
                0x000064c6                nrk_timer_int_configure
                0x00006542                _nrk_os_timer_get
                0x00006548                __vector_13
                0x00006548                __vector_15
                0x000065ae                __vector_17
                0x000065c2                __vector_32
                0x00006626                __vector_default
 .text          0x00006656      0x2f2 ../../../src/kernel/hal/atmega1281/nrk_ext_int.o
                0x00006656                nrk_ext_int_enable
                0x000066de                nrk_ext_int_disable
                0x00006766                nrk_ext_int_configure
                0x00006880                __vector_1
                0x000068e4                __vector_9
 .text          0x00006948       0x12 ../../../src/kernel/hal/atmega1281/nrk_status.o
                0x00006948                _nrk_startup_ok
                0x00006958                update_watchdog
 .text          0x0000695a       0x50 ../../../src/kernel/hal/atmega1281/nrk_watchdog.o
                0x0000695a                nrk_watchdog_check
                0x00006968                nrk_watchdog_reset
                0x0000696c                nrk_watchdog_enable
                0x0000698c                nrk_watchdog_disable
 .text          0x000069aa      0x100 ../../../src/kernel/hal/atmega1281/nrk_cpu.o
                0x000069aa                nrk_battery_save
                0x000069ac                nrk_sleep
                0x000069c4                nrk_idle
                0x000069da                nrk_task_set_entry_function
                0x000069e2                nrk_task_stk_init
                0x00006a38                nrk_stack_pointer_init
                0x00006a56                nrk_stack_pointer_restore
                0x00006a64                nrk_target_start
                0x00006a6e                nrk_task_set_stk
 .text          0x00006aaa       0x56 ../../../src/kernel/hal/atmega1281/atmel_hw_specific.o
                0x00006aaa                nrk_start_high_ready_task
 .text          0x00006b00        0x0 /usr/lib/gcc/avr/4.3.4/../../../avr/lib/avr51/libprintf_min.a(vfprintf_min.o)
 .text          0x00006b00        0x0 /usr/lib/gcc/avr/4.3.4/avr51/libgcc.a(_mulsi3.o)
 .text          0x00006b00        0x0 /usr/lib/gcc/avr/4.3.4/avr51/libgcc.a(_udivmodhi4.o)
 .text          0x00006b00        0x0 /usr/lib/gcc/avr/4.3.4/avr51/libgcc.a(_divmodhi4.o)
 .text          0x00006b00        0x0 /usr/lib/gcc/avr/4.3.4/avr51/libgcc.a(_udivmodsi4.o)
 .text          0x00006b00        0x0 /usr/lib/gcc/avr/4.3.4/avr51/libgcc.a(_exit.o)
 .text          0x00006b00        0x0 /usr/lib/gcc/avr/4.3.4/avr51/libgcc.a(_clear_bss.o)
 .text          0x00006b00        0x0 /usr/lib/gcc/avr/4.3.4/../../../avr/lib/avr51/libc.a(rand.o)
 .text          0x00006b00        0x0 /usr/lib/gcc/avr/4.3.4/../../../avr/lib/avr51/libc.a(atoi.o)
 .text          0x00006b00        0x0 /usr/lib/gcc/avr/4.3.4/../../../avr/lib/avr51/libc.a(strchr_P.o)
 .text          0x00006b00        0x0 /usr/lib/gcc/avr/4.3.4/../../../avr/lib/avr51/libc.a(mul10.o)
 .text          0x00006b00        0x0 /usr/lib/gcc/avr/4.3.4/../../../avr/lib/avr51/libc.a(fdevopen.o)
 .text          0x00006b00        0x0 /usr/lib/gcc/avr/4.3.4/../../../avr/lib/avr51/libc.a(fputc.o)
 .text          0x00006b00        0x0 /usr/lib/gcc/avr/4.3.4/../../../avr/lib/avr51/libc.a(iob.o)
 .text          0x00006b00        0x0 /usr/lib/gcc/avr/4.3.4/../../../avr/lib/avr51/libc.a(printf.o)
 .text          0x00006b00        0x0 /usr/lib/gcc/avr/4.3.4/../../../avr/lib/avr51/libc.a(sprintf.o)
 .text          0x00006b00        0x0 /usr/lib/gcc/avr/4.3.4/../../../avr/lib/avr51/libc.a(ultoa_invert.o)
 .text          0x00006b00        0x0 /usr/lib/gcc/avr/4.3.4/../../../avr/lib/avr51/libc.a(eerd_byte_atmega1281.o)
 .text          0x00006b00        0x0 /usr/lib/gcc/avr/4.3.4/../../../avr/lib/avr51/libc.a(eewr_byte_atmega1281.o)
 .text          0x00006b00        0x0 /usr/lib/gcc/avr/4.3.4/../../../avr/lib/avr51/libc.a(calloc.o)
 .text          0x00006b00        0x0 /usr/lib/gcc/avr/4.3.4/../../../avr/lib/avr51/libc.a(malloc.o)
 .text          0x00006b00        0x0 /usr/lib/gcc/avr/4.3.4/../../../avr/lib/avr51/libc.a(memset.o)
 .text          0x00006b00        0x0 /usr/lib/gcc/avr/4.3.4/avr51/libgcc.a(_divmodsi4.o)
                0x00006b00                . = ALIGN (0x2)
 *(.text.*)
 .text.avr-libc
                0x00006b00      0x280 /usr/lib/gcc/avr/4.3.4/../../../avr/lib/avr51/libprintf_min.a(vfprintf_min.o)
                0x00006b00                vfprintf
 .text.libgcc   0x00006d80       0x3e /usr/lib/gcc/avr/4.3.4/avr51/libgcc.a(_mulsi3.o)
                0x00006d80                __mulsi3
 .text.libgcc   0x00006dbe       0x28 /usr/lib/gcc/avr/4.3.4/avr51/libgcc.a(_udivmodhi4.o)
                0x00006dbe                __udivmodhi4
 .text.libgcc   0x00006de6       0x26 /usr/lib/gcc/avr/4.3.4/avr51/libgcc.a(_divmodhi4.o)
                0x00006de6                __divmodhi4
                0x00006de6                _div
 .text.libgcc   0x00006e0c       0x44 /usr/lib/gcc/avr/4.3.4/avr51/libgcc.a(_udivmodsi4.o)
                0x00006e0c                __udivmodsi4
 .text.libgcc   0x00006e50        0x0 /usr/lib/gcc/avr/4.3.4/avr51/libgcc.a(_exit.o)
 .text.libgcc   0x00006e50        0x0 /usr/lib/gcc/avr/4.3.4/avr51/libgcc.a(_clear_bss.o)
 .text.avr-libc
                0x00006e50       0xd6 /usr/lib/gcc/avr/4.3.4/../../../avr/lib/avr51/libc.a(rand.o)
                0x00006f00                rand_r
                0x00006f06                rand
                0x00006f10                srand
 .text.avr-libc
                0x00006f26       0x3c /usr/lib/gcc/avr/4.3.4/../../../avr/lib/avr51/libc.a(atoi.o)
                0x00006f26                atoi
 .text.avr-libc
                0x00006f62       0x16 /usr/lib/gcc/avr/4.3.4/../../../avr/lib/avr51/libc.a(strchr_P.o)
                0x00006f62                strchr_P
 .text.avr-libc
                0x00006f78       0x10 /usr/lib/gcc/avr/4.3.4/../../../avr/lib/avr51/libc.a(mul10.o)
                0x00006f78                __mulhi_const_10
 .text.avr-libc
                0x00006f88       0x98 /usr/lib/gcc/avr/4.3.4/../../../avr/lib/avr51/libc.a(fdevopen.o)
                0x00006f88                fdevopen
 .text.avr-libc
                0x00007020       0x58 /usr/lib/gcc/avr/4.3.4/../../../avr/lib/avr51/libc.a(fputc.o)
                0x00007020                fputc
 .text.avr-libc
                0x00007078       0x24 /usr/lib/gcc/avr/4.3.4/../../../avr/lib/avr51/libc.a(printf.o)
                0x00007078                printf
 .text.avr-libc
                0x0000709c       0x62 /usr/lib/gcc/avr/4.3.4/../../../avr/lib/avr51/libc.a(sprintf.o)
                0x0000709c                sprintf
 .text.avr-libc
                0x000070fe       0xbc /usr/lib/gcc/avr/4.3.4/../../../avr/lib/avr51/libc.a(ultoa_invert.o)
                0x000070fe                __ultoa_invert
 .text.avr-libc
                0x000071ba       0x10 /usr/lib/gcc/avr/4.3.4/../../../avr/lib/avr51/libc.a(eerd_byte_atmega1281.o)
                0x000071ba                __eerd_byte_m1281
 .text.avr-libc
                0x000071ca       0x1c /usr/lib/gcc/avr/4.3.4/../../../avr/lib/avr51/libc.a(eewr_byte_atmega1281.o)
                0x000071ca                __eewr_byte_m1281
                0x000071cc                __eewr_r18_m1281
 .text.avr-libc
                0x000071e6       0x38 /usr/lib/gcc/avr/4.3.4/../../../avr/lib/avr51/libc.a(calloc.o)
                0x000071e6                calloc
 .text.avr-libc
                0x0000721e      0x20a /usr/lib/gcc/avr/4.3.4/../../../avr/lib/avr51/libc.a(malloc.o)
                0x0000721e                malloc
                0x00007378                free
 .text.avr-libc
                0x00007428        0xe /usr/lib/gcc/avr/4.3.4/../../../avr/lib/avr51/libc.a(memset.o)
                0x00007428                memset
 .text.libgcc   0x00007436       0x36 /usr/lib/gcc/avr/4.3.4/avr51/libgcc.a(_divmodsi4.o)
                0x00007436                __divmodsi4
                0x0000746c                . = ALIGN (0x2)
 *(.fini9)
 .fini9         0x0000746c        0x0 /usr/lib/gcc/avr/4.3.4/avr51/libgcc.a(_exit.o)
                0x0000746c                exit
                0x0000746c                _exit
 *(.fini9)
 *(.fini8)
 *(.fini8)
 *(.fini7)
 *(.fini7)
 *(.fini6)
 *(.fini6)
 *(.fini5)
 *(.fini5)
 *(.fini4)
 *(.fini4)
 *(.fini3)
 *(.fini3)
 *(.fini2)
 *(.fini2)
 *(.fini1)
 *(.fini1)
 *(.fini0)
 .fini0         0x0000746c        0x4 /usr/lib/gcc/avr/4.3.4/avr51/libgcc.a(_exit.o)
 *(.fini0)
                0x00007470                _etext = .

.data           0x00800200      0x124 load address 0x00007470
                0x00800200                PROVIDE (__data_start, .)
 *(.data)
 .data          0x00800200        0x0 /usr/lib/gcc/avr/4.3.4/../../../avr/lib/avr51/crtm1281.o
 .data          0x00800200       0xa7 main.o
 .data          0x008002a7        0x0 ../../../src/net/rt_link/rt_link.o
 .data          0x008002a7        0x0 ../../../src/net/rt_link/rtl_scheduler.o
 .data          0x008002a7        0x0 ../../../src/net/rt_link/rtl_debug.o
 .data          0x008002a7        0x0 ../../../src/drivers/platform/firefly2_2/source/ff_basic_sensor.o
 .data          0x008002a7        0x0 ../../../src/radio/cc2420/source/hal_rf_set_channel.o
 .data          0x008002a7        0x0 ../../../src/radio/cc2420/source/hal_rf_wait_for_crystal_oscillator.o
 .data          0x008002a7        0x0 ../../../src/radio/cc2420/source/basic_rf.o
 .data          0x008002a7       0x21 ../../../src/platform/firefly2_2/source/ulib.o
                0x008002a7                NRK_DEBUG_0
                0x008002a8                NRK_DEBUG_1
                0x008002a9                NRK_BUTTON
                0x008002aa                NRK_SPI_SS
                0x008002ab                NRK_SCK
                0x008002ac                NRK_MOSI
                0x008002ad                NRK_MISO
                0x008002ae                NRK_GPIO26
                0x008002af                NRK_MMC_11
                0x008002b0                NRK_MMC_10
                0x008002b1                NRK_MMC_9
                0x008002b2                NRK_DEBUG_2
                0x008002b3                NRK_DEBUG_3
                0x008002b4                NRK_UART1_RXD
                0x008002b5                NRK_UART1_TXD
                0x008002b6                NRK_CCA
                0x008002b7                NRK_SFD
                0x008002b8                NRK_UART0_RXD
                0x008002b9                NRK_UART0_TXD
                0x008002ba                NRK_LED_0
                0x008002bb                NRK_LED_1
                0x008002bc                NRK_LED_2
                0x008002bd                NRK_LED_3
                0x008002be                NRK_GPIO34
                0x008002bf                NRK_FIFOP
                0x008002c0                NRK_ADC_INPUT_0
                0x008002c1                NRK_ADC_INPUT_1
                0x008002c2                NRK_ADC_INPUT_2
                0x008002c3                NRK_ADC_INPUT_3
                0x008002c4                NRK_ADC_INPUT_4
                0x008002c5                NRK_ADC_INPUT_5
                0x008002c6                NRK_ADC_INPUT_6
                0x008002c7                NRK_ADC_INPUT_7
 .data          0x008002c8        0x0 ../../../src/platform/firefly2_2/source/hal_wait.o
 .data          0x008002c8        0x0 ../../../src/platform/firefly2_2/source/nrk_eeprom.o
 .data          0x008002c8        0x0 ../../../src/kernel/source/nrk.o
 .data          0x008002c8        0x0 ../../../src/kernel/source/nrk_stats.o
 .data          0x008002c8        0x3 ../../../src/kernel/source/nrk_error.o
 .data          0x008002cb       0x4e ../../../src/kernel/source/nrk_stack_check.o
 .data          0x00800319        0x0 ../../../src/kernel/source/nrk_events.o
 .data          0x00800319        0x0 ../../../src/kernel/source/nrk_task.o
 .data          0x00800319        0x0 ../../../src/kernel/source/nrk_time.o
 .data          0x00800319        0x0 ../../../src/kernel/source/nrk_idle_task.o
 .data          0x00800319        0x0 ../../../src/kernel/source/nrk_scheduler.o
 .data          0x00800319        0x0 ../../../src/kernel/source/nrk_driver.o
 .data          0x00800319        0x0 ../../../src/kernel/source/nrk_reserve.o
 .data          0x00800319        0x0 ../../../src/kernel/hal/atmega1281/nrk_timer.o
 .data          0x00800319        0x0 ../../../src/kernel/hal/atmega1281/nrk_ext_int.o
 .data          0x00800319        0x0 ../../../src/kernel/hal/atmega1281/nrk_status.o
 .data          0x00800319        0x0 ../../../src/kernel/hal/atmega1281/nrk_watchdog.o
 .data          0x00800319        0x0 ../../../src/kernel/hal/atmega1281/nrk_cpu.o
 .data          0x00800319        0x0 ../../../src/kernel/hal/atmega1281/atmel_hw_specific.o
 .data          0x00800319        0x0 /usr/lib/gcc/avr/4.3.4/../../../avr/lib/avr51/libprintf_min.a(vfprintf_min.o)
 .data          0x00800319        0x0 /usr/lib/gcc/avr/4.3.4/avr51/libgcc.a(_mulsi3.o)
 .data          0x00800319        0x0 /usr/lib/gcc/avr/4.3.4/avr51/libgcc.a(_udivmodhi4.o)
 .data          0x00800319        0x0 /usr/lib/gcc/avr/4.3.4/avr51/libgcc.a(_divmodhi4.o)
 .data          0x00800319        0x0 /usr/lib/gcc/avr/4.3.4/avr51/libgcc.a(_udivmodsi4.o)
 .data          0x00800319        0x0 /usr/lib/gcc/avr/4.3.4/avr51/libgcc.a(_exit.o)
 .data          0x00800319        0x0 /usr/lib/gcc/avr/4.3.4/avr51/libgcc.a(_clear_bss.o)
 .data          0x00800319        0x4 /usr/lib/gcc/avr/4.3.4/../../../avr/lib/avr51/libc.a(rand.o)
 .data          0x0080031d        0x0 /usr/lib/gcc/avr/4.3.4/../../../avr/lib/avr51/libc.a(atoi.o)
 .data          0x0080031d        0x0 /usr/lib/gcc/avr/4.3.4/../../../avr/lib/avr51/libc.a(strchr_P.o)
 .data          0x0080031d        0x0 /usr/lib/gcc/avr/4.3.4/../../../avr/lib/avr51/libc.a(mul10.o)
 .data          0x0080031d        0x0 /usr/lib/gcc/avr/4.3.4/../../../avr/lib/avr51/libc.a(fdevopen.o)
 .data          0x0080031d        0x0 /usr/lib/gcc/avr/4.3.4/../../../avr/lib/avr51/libc.a(fputc.o)
 .data          0x0080031d        0x0 /usr/lib/gcc/avr/4.3.4/../../../avr/lib/avr51/libc.a(iob.o)
 .data          0x0080031d        0x0 /usr/lib/gcc/avr/4.3.4/../../../avr/lib/avr51/libc.a(printf.o)
 .data          0x0080031d        0x0 /usr/lib/gcc/avr/4.3.4/../../../avr/lib/avr51/libc.a(sprintf.o)
 .data          0x0080031d        0x0 /usr/lib/gcc/avr/4.3.4/../../../avr/lib/avr51/libc.a(ultoa_invert.o)
 .data          0x0080031d        0x0 /usr/lib/gcc/avr/4.3.4/../../../avr/lib/avr51/libc.a(eerd_byte_atmega1281.o)
 .data          0x0080031d        0x0 /usr/lib/gcc/avr/4.3.4/../../../avr/lib/avr51/libc.a(eewr_byte_atmega1281.o)
 .data          0x0080031d        0x0 /usr/lib/gcc/avr/4.3.4/../../../avr/lib/avr51/libc.a(calloc.o)
 .data          0x0080031d        0x6 /usr/lib/gcc/avr/4.3.4/../../../avr/lib/avr51/libc.a(malloc.o)
                0x0080031d                __malloc_margin
                0x0080031f                __malloc_heap_start
                0x00800321                __malloc_heap_end
 .data          0x00800323        0x0 /usr/lib/gcc/avr/4.3.4/../../../avr/lib/avr51/libc.a(memset.o)
 .data          0x00800323        0x0 /usr/lib/gcc/avr/4.3.4/avr51/libgcc.a(_divmodsi4.o)
 *(.data*)
 *(.rodata)
 *(.rodata*)
 *(.gnu.linkonce.d*)
                0x00800324                . = ALIGN (0x2)
 *fill*         0x00800323        0x1 00
                0x00800324                _edata = .
                0x00800324                PROVIDE (__data_end, .)

.bss            0x00800324      0x9ea
                0x00800324                PROVIDE (__bss_start, .)
 *(.bss)
 .bss           0x00800324        0x0 /usr/lib/gcc/avr/4.3.4/../../../avr/lib/avr51/crtm1281.o
 .bss           0x00800324        0xc main.o
                0x00800324                front
                0x00800326                rear
                0x00800328                myX
                0x00800329                myY
                0x0080032a                X
                0x0080032d                Y
 .bss           0x00800330        0x0 ../../../src/net/rt_link/rt_link.o
 .bss           0x00800330        0x0 ../../../src/net/rt_link/rtl_scheduler.o
 .bss           0x00800330        0x0 ../../../src/net/rt_link/rtl_debug.o
 .bss           0x00800330        0x0 ../../../src/drivers/platform/firefly2_2/source/ff_basic_sensor.o
 .bss           0x00800330        0x0 ../../../src/radio/cc2420/source/hal_rf_set_channel.o
 .bss           0x00800330        0x0 ../../../src/radio/cc2420/source/hal_rf_wait_for_crystal_oscillator.o
 .bss           0x00800330        0x0 ../../../src/radio/cc2420/source/basic_rf.o
 .bss           0x00800330        0x0 ../../../src/platform/firefly2_2/source/ulib.o
 .bss           0x00800330        0x0 ../../../src/platform/firefly2_2/source/hal_wait.o
 .bss           0x00800330        0x0 ../../../src/platform/firefly2_2/source/nrk_eeprom.o
 .bss           0x00800330        0x0 ../../../src/kernel/source/nrk.o
 .bss           0x00800330        0x0 ../../../src/kernel/source/nrk_stats.o
 .bss           0x00800330        0x0 ../../../src/kernel/source/nrk_error.o
 .bss           0x00800330        0x0 ../../../src/kernel/source/nrk_stack_check.o
 .bss           0x00800330        0x0 ../../../src/kernel/source/nrk_events.o
 .bss           0x00800330        0x0 ../../../src/kernel/source/nrk_task.o
 .bss           0x00800330        0x0 ../../../src/kernel/source/nrk_time.o
 .bss           0x00800330        0x0 ../../../src/kernel/source/nrk_idle_task.o
 .bss           0x00800330        0x0 ../../../src/kernel/source/nrk_scheduler.o
 .bss           0x00800330        0x0 ../../../src/kernel/source/nrk_driver.o
 .bss           0x00800330        0x0 ../../../src/kernel/source/nrk_reserve.o
 .bss           0x00800330        0x0 ../../../src/kernel/hal/atmega1281/nrk_timer.o
 .bss           0x00800330        0x0 ../../../src/kernel/hal/atmega1281/nrk_ext_int.o
 .bss           0x00800330        0x0 ../../../src/kernel/hal/atmega1281/nrk_status.o
 .bss           0x00800330        0x0 ../../../src/kernel/hal/atmega1281/nrk_watchdog.o
 .bss           0x00800330        0x0 ../../../src/kernel/hal/atmega1281/nrk_cpu.o
 .bss           0x00800330        0x0 ../../../src/kernel/hal/atmega1281/atmel_hw_specific.o
 .bss           0x00800330        0x0 /usr/lib/gcc/avr/4.3.4/../../../avr/lib/avr51/libprintf_min.a(vfprintf_min.o)
 .bss           0x00800330        0x0 /usr/lib/gcc/avr/4.3.4/avr51/libgcc.a(_mulsi3.o)
 .bss           0x00800330        0x0 /usr/lib/gcc/avr/4.3.4/avr51/libgcc.a(_udivmodhi4.o)
 .bss           0x00800330        0x0 /usr/lib/gcc/avr/4.3.4/avr51/libgcc.a(_divmodhi4.o)
 .bss           0x00800330        0x0 /usr/lib/gcc/avr/4.3.4/avr51/libgcc.a(_udivmodsi4.o)
 .bss           0x00800330        0x0 /usr/lib/gcc/avr/4.3.4/avr51/libgcc.a(_exit.o)
 .bss           0x00800330        0x0 /usr/lib/gcc/avr/4.3.4/avr51/libgcc.a(_clear_bss.o)
 .bss           0x00800330        0x0 /usr/lib/gcc/avr/4.3.4/../../../avr/lib/avr51/libc.a(rand.o)
 .bss           0x00800330        0x0 /usr/lib/gcc/avr/4.3.4/../../../avr/lib/avr51/libc.a(atoi.o)
 .bss           0x00800330        0x0 /usr/lib/gcc/avr/4.3.4/../../../avr/lib/avr51/libc.a(strchr_P.o)
 .bss           0x00800330        0x0 /usr/lib/gcc/avr/4.3.4/../../../avr/lib/avr51/libc.a(mul10.o)
 .bss           0x00800330        0x0 /usr/lib/gcc/avr/4.3.4/../../../avr/lib/avr51/libc.a(fdevopen.o)
 .bss           0x00800330        0x0 /usr/lib/gcc/avr/4.3.4/../../../avr/lib/avr51/libc.a(fputc.o)
 .bss           0x00800330        0x0 /usr/lib/gcc/avr/4.3.4/../../../avr/lib/avr51/libc.a(iob.o)
 .bss           0x00800330        0x0 /usr/lib/gcc/avr/4.3.4/../../../avr/lib/avr51/libc.a(printf.o)
 .bss           0x00800330        0x0 /usr/lib/gcc/avr/4.3.4/../../../avr/lib/avr51/libc.a(sprintf.o)
 .bss           0x00800330        0x0 /usr/lib/gcc/avr/4.3.4/../../../avr/lib/avr51/libc.a(ultoa_invert.o)
 .bss           0x00800330        0x0 /usr/lib/gcc/avr/4.3.4/../../../avr/lib/avr51/libc.a(eerd_byte_atmega1281.o)
 .bss           0x00800330        0x0 /usr/lib/gcc/avr/4.3.4/../../../avr/lib/avr51/libc.a(eewr_byte_atmega1281.o)
 .bss           0x00800330        0x0 /usr/lib/gcc/avr/4.3.4/../../../avr/lib/avr51/libc.a(calloc.o)
 .bss           0x00800330        0x0 /usr/lib/gcc/avr/4.3.4/../../../avr/lib/avr51/libc.a(malloc.o)
 .bss           0x00800330        0x0 /usr/lib/gcc/avr/4.3.4/../../../avr/lib/avr51/libc.a(memset.o)
 .bss           0x00800330        0x0 /usr/lib/gcc/avr/4.3.4/avr51/libgcc.a(_divmodsi4.o)
 *(.bss*)
 *(COMMON)
 COMMON         0x00800330      0x82a main.o
                0x00800330                last_slot_time
                0x00800338                entry
                0x0080033e                rtl_param
                0x00800347                cycle_callback
                0x00800349                _rtl_ready
                0x0080034a                rtl_task_stack
                0x008003ca                rtl_tx_data_ready
                0x008003ce                error_task
                0x008003cf                _rtl_sync_ok
                0x008003d0                _rtl_contention_slots
                0x008003d1                tx_callback
                0x008003d3                rtl_task
                0x008003f6                rtl_tdma_tx_mask
                0x008003fa                TaskOne
                0x0080041d                rtl_tsync_tx
                0x00800424                rtl_rfRxInfo
                0x0080042d                _rtl_time_token_status
                0x0080042e                rtl_abs_tx_slot
                0x00800430                _nrk_signal_list
                0x00800434                exchangeTime
                0x0080043c                _rtl_contention_pending
                0x0080043d                rx_buf
                0x008004b1                rtl_rx_slot
                0x008004b2                Stack1
                0x008006b2                rtl_tdma_rx_mask
                0x008006b6                nrk_kernel_stk_ptr
                0x008006b8                rx_callback
                0x008006ba                rtl_rx_data_ready
                0x008006bb                tx_buf
                0x0080072f                txQueue
                0x008009e7                rtl_abs_tx_ready
                0x008009e8                slot_callback
                0x008009ea                rtl_node_mode
                0x008009eb                abs_callback
                0x008009ed                rtl_rfTxInfo
                0x008009f4                error_num
                0x008009f5                last_slot
                0x008009f7                currentTime
                0x008009ff                rtl_rx_buf
                0x00800a73                nrk_idle_task_stk
                0x00800af3                _rtl_time_token
                0x00800af4                rtl_tx_info
                0x00800b57                rtl_tsync_buf
 COMMON         0x00800b5a       0x67 ../../../src/net/rt_link/rt_link.o
                0x00800b5a                app_timer0_callback
                0x00800b5c                tsync_log
                0x00800b64                rtl_rx_pkt_signal
                0x00800b65                global_cycle
                0x00800b67                tsync_delay
                0x00800b6f                slot_start_time
                0x00800b71                rtl_abs_wakeup
                0x00800b79                global_slot
                0x00800b7b                _nrk_time_trigger
                0x00800b7c                _dbg_index
                0x00800b7d                last_sync_slot
                0x00800b7f                prev_offset
                0x00800b81                pkt_log
                0x00800b89                rtl_drift_rate
                0x00800b8b                current_global_slot
                0x00800b8d                app_timer0_prescale
                0x00800b8e                _tsync_index
                0x00800b8f                _nrk_prev_timer_val
                0x00800b90                rtl_sched
                0x00800ba0                rtl_sched_cache
                0x00800bc0                rtl_tx_done_signal
 COMMON         0x00800bc1        0x2 ../../../src/drivers/platform/firefly2_2/source/ff_basic_sensor.o
                0x00800bc1                is_open
                0x00800bc2                channel
 COMMON         0x00800bc3       0x1b ../../../src/radio/cc2420/source/basic_rf.o
                0x00800bc3                rx_ctr
                0x00800bc7                radio_sem
                0x00800bc9                security_enable
                0x00800bca                mdmctrl0
                0x00800bcc                rfSettings
                0x00800bd5                tmp_blah
                0x00800bd7                auto_ack_enable
                0x00800bd8                last_pkt_encrypted
                0x00800bd9                tx_ctr
                0x00800bdd                rx_ready
 COMMON         0x00800bde       0x83 ../../../src/platform/firefly2_2/source/ulib.o
                0x00800bde                uart_rx_buf_end
                0x00800bdf                uart_rx_buf
                0x00800c5f                uart_rx_signal
                0x00800c60                uart_rx_buf_start
 COMMON         0x00800c61       0x95 ../../../src/kernel/source/nrk.o
                0x00800c61                _free_node
                0x00800c63                nrk_task_TCB
                0x00800cc6                next_next_wakeup
                0x00800cc8                nrk_sem_list
                0x00800cce                nrk_task_init_cnt
                0x00800ccf                nrk_wakeup_signal
                0x00800cd0                nrk_high_ready_TCB
                0x00800cd2                nrk_cur_task_prio
                0x00800cd3                _nrk_cpu_state
                0x00800cd4                _head_node
                0x00800cd6                nrk_system_time
                0x00800cde                _nrk_resource_cnt
                0x00800cdf                nrk_cur_task_TCB
                0x00800ce1                nrk_high_ready_prio
                0x00800ce2                _nrk_readyQ
 COMMON         0x00800cf6        0x6 ../../../src/kernel/source/nrk_driver.o
                0x00800cf6                _nrk_driver_count
                0x00800cf7                nrk_drivers
                0x00800cfb                nrk_driver_init
 COMMON         0x00800cfc        0x8 ../../../src/kernel/hal/atmega1281/nrk_ext_int.o
                0x00800cfc                ext_int1_callback
                0x00800cfe                ext_int0_callback
                0x00800d00                ext_int2_callback
                0x00800d02                pc_int0_callback
 COMMON         0x00800d04        0x6 /usr/lib/gcc/avr/4.3.4/../../../avr/lib/avr51/libc.a(iob.o)
                0x00800d04                __iob
 COMMON         0x00800d0a        0x4 /usr/lib/gcc/avr/4.3.4/../../../avr/lib/avr51/libc.a(malloc.o)
                0x00800d0a                __brkval
                0x00800d0c                __flp
                0x00800d0e                PROVIDE (__bss_end, .)
                0x00007470                __data_load_start = LOADADDR (.data)
                0x00007594                __data_load_end = (__data_load_start + SIZEOF (.data))

.noinit         0x00800d0e        0x0
                0x00800d0e                PROVIDE (__noinit_start, .)
 *(.noinit*)
                0x00800d0e                PROVIDE (__noinit_end, .)
                0x00800d0e                _end = .
                0x00800d0e                PROVIDE (__heap_start, .)

.eeprom         0x00810000        0x0
 *(.eeprom*)
                0x00810000                __eeprom_end = .

.fuse
 *(.fuse)
 *(.lfuse)
 *(.hfuse)
 *(.efuse)

.lock
 *(.lock*)

.signature
 *(.signature*)

.stab           0x00000000    0x11ef8
 *(.stab)
 .stab          0x00000000      0x750 /usr/lib/gcc/avr/4.3.4/../../../avr/lib/avr51/crtm1281.o
 .stab          0x00000750     0x1008 main.o
                               0x1014 (size before relaxing)
 .stab          0x00001758     0x1e18 ../../../src/net/rt_link/rt_link.o
                               0x22a4 (size before relaxing)
 .stab          0x00003570      0xbc4 ../../../src/net/rt_link/rtl_scheduler.o
                                0xfe4 (size before relaxing)
 .stab          0x00004134      0x780 ../../../src/net/rt_link/rtl_debug.o
                                0xb1c (size before relaxing)
 .stab          0x000048b4      0x930 ../../../src/drivers/platform/firefly2_2/source/ff_basic_sensor.o
                                0xcc0 (size before relaxing)
 .stab          0x000051e4      0x21c ../../../src/radio/cc2420/source/hal_rf_set_channel.o
                                0x534 (size before relaxing)
 .stab          0x00005400      0x21c ../../../src/radio/cc2420/source/hal_rf_wait_for_crystal_oscillator.o
                                0x534 (size before relaxing)
 .stab          0x0000561c     0x1cf8 ../../../src/radio/cc2420/source/basic_rf.o
                               0x20c4 (size before relaxing)
 .stab          0x00007314     0x1194 ../../../src/platform/firefly2_2/source/ulib.o
                               0x1500 (size before relaxing)
 .stab          0x000084a8      0x210 ../../../src/platform/firefly2_2/source/hal_wait.o
                                0x528 (size before relaxing)
 .stab          0x000086b8      0x630 ../../../src/platform/firefly2_2/source/nrk_eeprom.o
                                0x954 (size before relaxing)
 .stab          0x00008ce8      0x900 ../../../src/kernel/source/nrk.o
                                0xce4 (size before relaxing)
 .stab          0x000095e8      0x27c ../../../src/kernel/source/nrk_stats.o
                                0x66c (size before relaxing)
 .stab          0x00009864      0x78c ../../../src/kernel/source/nrk_error.o
                                0xb94 (size before relaxing)
 .stab          0x00009ff0      0x444 ../../../src/kernel/source/nrk_stack_check.o
                                0x834 (size before relaxing)
 .stab          0x0000a434      0xcfc ../../../src/kernel/source/nrk_events.o
                               0x10c8 (size before relaxing)
 .stab          0x0000b130      0xfc0 ../../../src/kernel/source/nrk_task.o
                               0x138c (size before relaxing)
 .stab          0x0000c0f0      0x744 ../../../src/kernel/source/nrk_time.o
                                0xaf8 (size before relaxing)
 .stab          0x0000c834      0x2d0 ../../../src/kernel/source/nrk_idle_task.o
                                0x6d8 (size before relaxing)
 .stab          0x0000cb04      0x708 ../../../src/kernel/source/nrk_scheduler.o
                                0xad4 (size before relaxing)
 .stab          0x0000d20c      0x678 ../../../src/kernel/source/nrk_driver.o
                                0xa68 (size before relaxing)
 .stab          0x0000d884       0xe4 ../../../src/kernel/source/nrk_reserve.o
                                 0xf0 (size before relaxing)
 .stab          0x0000d968      0xd5c ../../../src/kernel/hal/atmega1281/nrk_timer.o
                               0x10a4 (size before relaxing)
 .stab          0x0000e6c4      0x600 ../../../src/kernel/hal/atmega1281/nrk_ext_int.o
                                0x930 (size before relaxing)
 .stab          0x0000ecc4      0x21c ../../../src/kernel/hal/atmega1281/nrk_status.o
                                0x534 (size before relaxing)
 .stab          0x0000eee0      0x39c ../../../src/kernel/hal/atmega1281/nrk_watchdog.o
                                0x750 (size before relaxing)
 .stab          0x0000f27c      0x738 ../../../src/kernel/hal/atmega1281/nrk_cpu.o
                                0xb04 (size before relaxing)
 .stab          0x0000f9b4      0x204 ../../../src/kernel/hal/atmega1281/atmel_hw_specific.o
                                0x210 (size before relaxing)
 .stab          0x0000fbb8      0x7d4 /usr/lib/gcc/avr/4.3.4/../../../avr/lib/avr51/libprintf_min.a(vfprintf_min.o)
                                0x834 (size before relaxing)
 .stab          0x0001038c      0x300 /usr/lib/gcc/avr/4.3.4/../../../avr/lib/avr51/libc.a(rand.o)
                                0x33c (size before relaxing)
 .stab          0x0001068c      0x174 /usr/lib/gcc/avr/4.3.4/../../../avr/lib/avr51/libc.a(atoi.o)
                                0x180 (size before relaxing)
 .stab          0x00010800       0x9c /usr/lib/gcc/avr/4.3.4/../../../avr/lib/avr51/libc.a(strchr_P.o)
                                 0xa8 (size before relaxing)
 .stab          0x0001089c       0x78 /usr/lib/gcc/avr/4.3.4/../../../avr/lib/avr51/libc.a(mul10.o)
                                 0x84 (size before relaxing)
 .stab          0x00010914      0x270 /usr/lib/gcc/avr/4.3.4/../../../avr/lib/avr51/libc.a(fdevopen.o)
                                0x498 (size before relaxing)
 .stab          0x00010b84      0x1d4 /usr/lib/gcc/avr/4.3.4/../../../avr/lib/avr51/libc.a(fputc.o)
                                0x3b4 (size before relaxing)
 .stab          0x00010d58      0x12c /usr/lib/gcc/avr/4.3.4/../../../avr/lib/avr51/libc.a(iob.o)
                                0x30c (size before relaxing)
 .stab          0x00010e84      0x18c /usr/lib/gcc/avr/4.3.4/../../../avr/lib/avr51/libc.a(printf.o)
                                0x36c (size before relaxing)
 .stab          0x00011010      0x1f8 /usr/lib/gcc/avr/4.3.4/../../../avr/lib/avr51/libc.a(sprintf.o)
                                0x3d8 (size before relaxing)
 .stab          0x00011208      0x480 /usr/lib/gcc/avr/4.3.4/../../../avr/lib/avr51/libc.a(ultoa_invert.o)
                                0x48c (size before relaxing)
 .stab          0x00011688       0x90 /usr/lib/gcc/avr/4.3.4/../../../avr/lib/avr51/libc.a(eerd_byte_atmega1281.o)
                                 0x9c (size before relaxing)
 .stab          0x00011718       0xe4 /usr/lib/gcc/avr/4.3.4/../../../avr/lib/avr51/libc.a(eewr_byte_atmega1281.o)
                                 0xf0 (size before relaxing)
 .stab          0x000117fc      0x174 /usr/lib/gcc/avr/4.3.4/../../../avr/lib/avr51/libc.a(calloc.o)
                                0x1d4 (size before relaxing)
 .stab          0x00011970      0x51c /usr/lib/gcc/avr/4.3.4/../../../avr/lib/avr51/libc.a(malloc.o)
                                0x6fc (size before relaxing)
 .stab          0x00011e8c       0x6c /usr/lib/gcc/avr/4.3.4/../../../avr/lib/avr51/libc.a(memset.o)
                                 0x78 (size before relaxing)

.stabstr        0x00000000     0x710a
 *(.stabstr)
 .stabstr       0x00000000     0x710a /usr/lib/gcc/avr/4.3.4/../../../avr/lib/avr51/crtm1281.o

.stab.excl
 *(.stab.excl)

.stab.exclstr
 *(.stab.exclstr)

.stab.index
 *(.stab.index)

.stab.indexstr
 *(.stab.indexstr)

.comment
 *(.comment)

.debug
 *(.debug)

.line
 *(.line)

.debug_srcinfo
 *(.debug_srcinfo)

.debug_sfnames
 *(.debug_sfnames)

.debug_aranges
 *(.debug_aranges)

.debug_pubnames
 *(.debug_pubnames)

.debug_info
 *(.debug_info)
 *(.gnu.linkonce.wi.*)

.debug_abbrev
 *(.debug_abbrev)

.debug_line
 *(.debug_line)

.debug_frame
 *(.debug_frame)

.debug_str
 *(.debug_str)

.debug_loc
 *(.debug_loc)

.debug_macinfo
 *(.debug_macinfo)
OUTPUT(main.elf elf32-avr)
LOAD linker stubs

Cross Reference Table

Symbol                                            File
NRK_ADC_INPUT_0                                   ../../../src/platform/firefly2_2/source/ulib.o
NRK_ADC_INPUT_1                                   ../../../src/platform/firefly2_2/source/ulib.o
NRK_ADC_INPUT_2                                   ../../../src/platform/firefly2_2/source/ulib.o
NRK_ADC_INPUT_3                                   ../../../src/platform/firefly2_2/source/ulib.o
NRK_ADC_INPUT_4                                   ../../../src/platform/firefly2_2/source/ulib.o
NRK_ADC_INPUT_5                                   ../../../src/platform/firefly2_2/source/ulib.o
NRK_ADC_INPUT_6                                   ../../../src/platform/firefly2_2/source/ulib.o
NRK_ADC_INPUT_7                                   ../../../src/platform/firefly2_2/source/ulib.o
NRK_BUTTON                                        ../../../src/platform/firefly2_2/source/ulib.o
NRK_CCA                                           ../../../src/platform/firefly2_2/source/ulib.o
NRK_DEBUG_0                                       ../../../src/platform/firefly2_2/source/ulib.o
NRK_DEBUG_1                                       ../../../src/platform/firefly2_2/source/ulib.o
NRK_DEBUG_2                                       ../../../src/platform/firefly2_2/source/ulib.o
NRK_DEBUG_3                                       ../../../src/platform/firefly2_2/source/ulib.o
NRK_FIFOP                                         ../../../src/platform/firefly2_2/source/ulib.o
NRK_GPIO26                                        ../../../src/platform/firefly2_2/source/ulib.o
NRK_GPIO34                                        ../../../src/platform/firefly2_2/source/ulib.o
NRK_LED_0                                         ../../../src/platform/firefly2_2/source/ulib.o
NRK_LED_1                                         ../../../src/platform/firefly2_2/source/ulib.o
NRK_LED_2                                         ../../../src/platform/firefly2_2/source/ulib.o
NRK_LED_3                                         ../../../src/platform/firefly2_2/source/ulib.o
NRK_MISO                                          ../../../src/platform/firefly2_2/source/ulib.o
NRK_MMC_10                                        ../../../src/platform/firefly2_2/source/ulib.o
NRK_MMC_11                                        ../../../src/platform/firefly2_2/source/ulib.o
NRK_MMC_9                                         ../../../src/platform/firefly2_2/source/ulib.o
NRK_MOSI                                          ../../../src/platform/firefly2_2/source/ulib.o
NRK_SCK                                           ../../../src/platform/firefly2_2/source/ulib.o
NRK_SFD                                           ../../../src/platform/firefly2_2/source/ulib.o
NRK_SPI_SS                                        ../../../src/platform/firefly2_2/source/ulib.o
NRK_UART0_RXD                                     ../../../src/platform/firefly2_2/source/ulib.o
NRK_UART0_TXD                                     ../../../src/platform/firefly2_2/source/ulib.o
NRK_UART1_RXD                                     ../../../src/platform/firefly2_2/source/ulib.o
NRK_UART1_TXD                                     ../../../src/platform/firefly2_2/source/ulib.o
PORT_INIT                                         ../../../src/platform/firefly2_2/source/ulib.o
Stack1                                            main.o
Task1                                             main.o
TaskOne                                           main.o
X                                                 main.o
Y                                                 main.o
__bad_interrupt                                   /usr/lib/gcc/avr/4.3.4/../../../avr/lib/avr51/crtm1281.o
__brkval                                          /usr/lib/gcc/avr/4.3.4/../../../avr/lib/avr51/libc.a(malloc.o)
__bss_end                                         /usr/lib/gcc/avr/4.3.4/avr51/libgcc.a(_clear_bss.o)
__bss_start                                       /usr/lib/gcc/avr/4.3.4/avr51/libgcc.a(_clear_bss.o)
__data_end                                        /usr/lib/gcc/avr/4.3.4/../../../avr/lib/avr51/crtm1281.o
__data_load_start                                 /usr/lib/gcc/avr/4.3.4/../../../avr/lib/avr51/crtm1281.o
__data_start                                      /usr/lib/gcc/avr/4.3.4/../../../avr/lib/avr51/crtm1281.o
__divmodhi4                                       /usr/lib/gcc/avr/4.3.4/avr51/libgcc.a(_divmodhi4.o)
                                                  ../../../src/drivers/platform/firefly2_2/source/ff_basic_sensor.o
                                                  ../../../src/net/rt_link/rt_link.o
__divmodsi4                                       /usr/lib/gcc/avr/4.3.4/avr51/libgcc.a(_divmodsi4.o)
                                                  /usr/lib/gcc/avr/4.3.4/../../../avr/lib/avr51/libc.a(rand.o)
__do_clear_bss                                    /usr/lib/gcc/avr/4.3.4/avr51/libgcc.a(_clear_bss.o)
                                                  /usr/lib/gcc/avr/4.3.4/../../../avr/lib/avr51/libc.a(malloc.o)
                                                  /usr/lib/gcc/avr/4.3.4/../../../avr/lib/avr51/libc.a(calloc.o)
                                                  /usr/lib/gcc/avr/4.3.4/../../../avr/lib/avr51/libc.a(sprintf.o)
                                                  /usr/lib/gcc/avr/4.3.4/../../../avr/lib/avr51/libc.a(printf.o)
                                                  /usr/lib/gcc/avr/4.3.4/../../../avr/lib/avr51/libc.a(iob.o)
                                                  /usr/lib/gcc/avr/4.3.4/../../../avr/lib/avr51/libc.a(fputc.o)
                                                  /usr/lib/gcc/avr/4.3.4/../../../avr/lib/avr51/libc.a(fdevopen.o)
                                                  /usr/lib/gcc/avr/4.3.4/../../../avr/lib/avr51/libc.a(rand.o)
                                                  /usr/lib/gcc/avr/4.3.4/../../../avr/lib/avr51/libprintf_min.a(vfprintf_min.o)
                                                  ../../../src/kernel/hal/atmega1281/nrk_cpu.o
                                                  ../../../src/kernel/hal/atmega1281/nrk_watchdog.o
                                                  ../../../src/kernel/hal/atmega1281/nrk_status.o
                                                  ../../../src/kernel/hal/atmega1281/nrk_ext_int.o
                                                  ../../../src/kernel/hal/atmega1281/nrk_timer.o
                                                  ../../../src/kernel/source/nrk_reserve.o
                                                  ../../../src/kernel/source/nrk_driver.o
                                                  ../../../src/kernel/source/nrk_scheduler.o
                                                  ../../../src/kernel/source/nrk_idle_task.o
                                                  ../../../src/kernel/source/nrk_time.o
                                                  ../../../src/kernel/source/nrk_task.o
                                                  ../../../src/kernel/source/nrk_events.o
                                                  ../../../src/kernel/source/nrk_stack_check.o
                                                  ../../../src/kernel/source/nrk_error.o
                                                  ../../../src/kernel/source/nrk_stats.o
                                                  ../../../src/kernel/source/nrk.o
                                                  ../../../src/platform/firefly2_2/source/nrk_eeprom.o
                                                  ../../../src/platform/firefly2_2/source/hal_wait.o
                                                  ../../../src/platform/firefly2_2/source/ulib.o
                                                  ../../../src/radio/cc2420/source/basic_rf.o
                                                  ../../../src/radio/cc2420/source/hal_rf_wait_for_crystal_oscillator.o
                                                  ../../../src/radio/cc2420/source/hal_rf_set_channel.o
                                                  ../../../src/drivers/platform/firefly2_2/source/ff_basic_sensor.o
                                                  ../../../src/net/rt_link/rtl_debug.o
                                                  ../../../src/net/rt_link/rtl_scheduler.o
                                                  ../../../src/net/rt_link/rt_link.o
                                                  main.o
__do_copy_data                                    /usr/lib/gcc/avr/4.3.4/../../../avr/lib/avr51/crtm1281.o
                                                  /usr/lib/gcc/avr/4.3.4/../../../avr/lib/avr51/libc.a(malloc.o)
                                                  /usr/lib/gcc/avr/4.3.4/../../../avr/lib/avr51/libc.a(calloc.o)
                                                  /usr/lib/gcc/avr/4.3.4/../../../avr/lib/avr51/libc.a(sprintf.o)
                                                  /usr/lib/gcc/avr/4.3.4/../../../avr/lib/avr51/libc.a(printf.o)
                                                  /usr/lib/gcc/avr/4.3.4/../../../avr/lib/avr51/libc.a(iob.o)
                                                  /usr/lib/gcc/avr/4.3.4/../../../avr/lib/avr51/libc.a(fputc.o)
                                                  /usr/lib/gcc/avr/4.3.4/../../../avr/lib/avr51/libc.a(fdevopen.o)
                                                  /usr/lib/gcc/avr/4.3.4/../../../avr/lib/avr51/libc.a(rand.o)
                                                  /usr/lib/gcc/avr/4.3.4/../../../avr/lib/avr51/libprintf_min.a(vfprintf_min.o)
                                                  ../../../src/kernel/hal/atmega1281/nrk_cpu.o
                                                  ../../../src/kernel/hal/atmega1281/nrk_watchdog.o
                                                  ../../../src/kernel/hal/atmega1281/nrk_status.o
                                                  ../../../src/kernel/hal/atmega1281/nrk_ext_int.o
                                                  ../../../src/kernel/hal/atmega1281/nrk_timer.o
                                                  ../../../src/kernel/source/nrk_reserve.o
                                                  ../../../src/kernel/source/nrk_driver.o
                                                  ../../../src/kernel/source/nrk_scheduler.o
                                                  ../../../src/kernel/source/nrk_idle_task.o
                                                  ../../../src/kernel/source/nrk_time.o
                                                  ../../../src/kernel/source/nrk_task.o
                                                  ../../../src/kernel/source/nrk_events.o
                                                  ../../../src/kernel/source/nrk_stack_check.o
                                                  ../../../src/kernel/source/nrk_error.o
                                                  ../../../src/kernel/source/nrk_stats.o
                                                  ../../../src/kernel/source/nrk.o
                                                  ../../../src/platform/firefly2_2/source/nrk_eeprom.o
                                                  ../../../src/platform/firefly2_2/source/hal_wait.o
                                                  ../../../src/platform/firefly2_2/source/ulib.o
                                                  ../../../src/radio/cc2420/source/basic_rf.o
                                                  ../../../src/radio/cc2420/source/hal_rf_wait_for_crystal_oscillator.o
                                                  ../../../src/radio/cc2420/source/hal_rf_set_channel.o
                                                  ../../../src/drivers/platform/firefly2_2/source/ff_basic_sensor.o
                                                  ../../../src/net/rt_link/rtl_debug.o
                                                  ../../../src/net/rt_link/rtl_scheduler.o
                                                  ../../../src/net/rt_link/rt_link.o
                                                  main.o
__eerd_byte_m1281                                 /usr/lib/gcc/avr/4.3.4/../../../avr/lib/avr51/libc.a(eerd_byte_atmega1281.o)
                                                  ../../../src/platform/firefly2_2/source/nrk_eeprom.o
__eewr_byte_m1281                                 /usr/lib/gcc/avr/4.3.4/../../../avr/lib/avr51/libc.a(eewr_byte_atmega1281.o)
                                                  ../../../src/platform/firefly2_2/source/nrk_eeprom.o
__eewr_r18_m1281                                  /usr/lib/gcc/avr/4.3.4/../../../avr/lib/avr51/libc.a(eewr_byte_atmega1281.o)
__flp                                             /usr/lib/gcc/avr/4.3.4/../../../avr/lib/avr51/libc.a(malloc.o)
__heap_end                                        /usr/lib/gcc/avr/4.3.4/../../../avr/lib/avr51/crtm1281.o
                                                  /usr/lib/gcc/avr/4.3.4/../../../avr/lib/avr51/libc.a(malloc.o)
__heap_start                                      /usr/lib/gcc/avr/4.3.4/../../../avr/lib/avr51/libc.a(malloc.o)
__init                                            /usr/lib/gcc/avr/4.3.4/../../../avr/lib/avr51/crtm1281.o
__iob                                             /usr/lib/gcc/avr/4.3.4/../../../avr/lib/avr51/libc.a(printf.o)
                                                  /usr/lib/gcc/avr/4.3.4/../../../avr/lib/avr51/libc.a(iob.o)
                                                  /usr/lib/gcc/avr/4.3.4/../../../avr/lib/avr51/libc.a(fdevopen.o)
                                                  ../../../src/kernel/source/nrk_error.o
                                                  ../../../src/platform/firefly2_2/source/ulib.o
__malloc_heap_end                                 /usr/lib/gcc/avr/4.3.4/../../../avr/lib/avr51/libc.a(malloc.o)
__malloc_heap_start                               /usr/lib/gcc/avr/4.3.4/../../../avr/lib/avr51/libc.a(malloc.o)
__malloc_margin                                   /usr/lib/gcc/avr/4.3.4/../../../avr/lib/avr51/libc.a(malloc.o)
__mulhi_const_10                                  /usr/lib/gcc/avr/4.3.4/../../../avr/lib/avr51/libc.a(mul10.o)
                                                  /usr/lib/gcc/avr/4.3.4/../../../avr/lib/avr51/libc.a(atoi.o)
__mulsi3                                          /usr/lib/gcc/avr/4.3.4/avr51/libgcc.a(_mulsi3.o)
                                                  /usr/lib/gcc/avr/4.3.4/../../../avr/lib/avr51/libc.a(rand.o)
                                                  ../../../src/kernel/source/nrk_scheduler.o
                                                  ../../../src/kernel/source/nrk_time.o
                                                  ../../../src/net/rt_link/rt_link.o
__stack                                           /usr/lib/gcc/avr/4.3.4/../../../avr/lib/avr51/crtm1281.o
__udivmodhi4                                      /usr/lib/gcc/avr/4.3.4/avr51/libgcc.a(_udivmodhi4.o)
                                                  /usr/lib/gcc/avr/4.3.4/avr51/libgcc.a(_divmodhi4.o)
                                                  ../../../src/kernel/source/nrk_scheduler.o
__udivmodsi4                                      /usr/lib/gcc/avr/4.3.4/avr51/libgcc.a(_udivmodsi4.o)
                                                  /usr/lib/gcc/avr/4.3.4/avr51/libgcc.a(_divmodsi4.o)
                                                  ../../../src/kernel/source/nrk_scheduler.o
                                                  ../../../src/kernel/source/nrk_time.o
                                                  ../../../src/net/rt_link/rt_link.o
__ultoa_invert                                    /usr/lib/gcc/avr/4.3.4/../../../avr/lib/avr51/libc.a(ultoa_invert.o)
                                                  /usr/lib/gcc/avr/4.3.4/../../../avr/lib/avr51/libprintf_min.a(vfprintf_min.o)
__vector_1                                        ../../../src/kernel/hal/atmega1281/nrk_ext_int.o
                                                  /usr/lib/gcc/avr/4.3.4/../../../avr/lib/avr51/crtm1281.o
__vector_10                                       /usr/lib/gcc/avr/4.3.4/../../../avr/lib/avr51/crtm1281.o
__vector_11                                       /usr/lib/gcc/avr/4.3.4/../../../avr/lib/avr51/crtm1281.o
__vector_12                                       /usr/lib/gcc/avr/4.3.4/../../../avr/lib/avr51/crtm1281.o
__vector_13                                       ../../../src/kernel/hal/atmega1281/nrk_timer.o
                                                  /usr/lib/gcc/avr/4.3.4/../../../avr/lib/avr51/crtm1281.o
__vector_14                                       /usr/lib/gcc/avr/4.3.4/../../../avr/lib/avr51/crtm1281.o
__vector_15                                       ../../../src/kernel/hal/atmega1281/nrk_timer.o
                                                  /usr/lib/gcc/avr/4.3.4/../../../avr/lib/avr51/crtm1281.o
__vector_16                                       /usr/lib/gcc/avr/4.3.4/../../../avr/lib/avr51/crtm1281.o
__vector_17                                       ../../../src/kernel/hal/atmega1281/nrk_timer.o
                                                  /usr/lib/gcc/avr/4.3.4/../../../avr/lib/avr51/crtm1281.o
__vector_18                                       /usr/lib/gcc/avr/4.3.4/../../../avr/lib/avr51/crtm1281.o
__vector_19                                       /usr/lib/gcc/avr/4.3.4/../../../avr/lib/avr51/crtm1281.o
__vector_2                                        /usr/lib/gcc/avr/4.3.4/../../../avr/lib/avr51/crtm1281.o
__vector_20                                       /usr/lib/gcc/avr/4.3.4/../../../avr/lib/avr51/crtm1281.o
__vector_21                                       /usr/lib/gcc/avr/4.3.4/../../../avr/lib/avr51/crtm1281.o
__vector_22                                       /usr/lib/gcc/avr/4.3.4/../../../avr/lib/avr51/crtm1281.o
__vector_23                                       /usr/lib/gcc/avr/4.3.4/../../../avr/lib/avr51/crtm1281.o
__vector_24                                       /usr/lib/gcc/avr/4.3.4/../../../avr/lib/avr51/crtm1281.o
__vector_25                                       /usr/lib/gcc/avr/4.3.4/../../../avr/lib/avr51/crtm1281.o
__vector_26                                       /usr/lib/gcc/avr/4.3.4/../../../avr/lib/avr51/crtm1281.o
__vector_27                                       /usr/lib/gcc/avr/4.3.4/../../../avr/lib/avr51/crtm1281.o
__vector_28                                       /usr/lib/gcc/avr/4.3.4/../../../avr/lib/avr51/crtm1281.o
__vector_29                                       /usr/lib/gcc/avr/4.3.4/../../../avr/lib/avr51/crtm1281.o
__vector_3                                        /usr/lib/gcc/avr/4.3.4/../../../avr/lib/avr51/crtm1281.o
__vector_30                                       /usr/lib/gcc/avr/4.3.4/../../../avr/lib/avr51/crtm1281.o
__vector_31                                       /usr/lib/gcc/avr/4.3.4/../../../avr/lib/avr51/crtm1281.o
__vector_32                                       ../../../src/kernel/hal/atmega1281/nrk_timer.o
                                                  /usr/lib/gcc/avr/4.3.4/../../../avr/lib/avr51/crtm1281.o
__vector_33                                       /usr/lib/gcc/avr/4.3.4/../../../avr/lib/avr51/crtm1281.o
__vector_34                                       /usr/lib/gcc/avr/4.3.4/../../../avr/lib/avr51/crtm1281.o
__vector_35                                       /usr/lib/gcc/avr/4.3.4/../../../avr/lib/avr51/crtm1281.o
__vector_36                                       ../../../src/platform/firefly2_2/source/ulib.o
                                                  /usr/lib/gcc/avr/4.3.4/../../../avr/lib/avr51/crtm1281.o
__vector_37                                       /usr/lib/gcc/avr/4.3.4/../../../avr/lib/avr51/crtm1281.o
__vector_38                                       /usr/lib/gcc/avr/4.3.4/../../../avr/lib/avr51/crtm1281.o
__vector_39                                       /usr/lib/gcc/avr/4.3.4/../../../avr/lib/avr51/crtm1281.o
__vector_4                                        /usr/lib/gcc/avr/4.3.4/../../../avr/lib/avr51/crtm1281.o
__vector_40                                       /usr/lib/gcc/avr/4.3.4/../../../avr/lib/avr51/crtm1281.o
__vector_41                                       /usr/lib/gcc/avr/4.3.4/../../../avr/lib/avr51/crtm1281.o
__vector_42                                       /usr/lib/gcc/avr/4.3.4/../../../avr/lib/avr51/crtm1281.o
__vector_43                                       /usr/lib/gcc/avr/4.3.4/../../../avr/lib/avr51/crtm1281.o
__vector_44                                       /usr/lib/gcc/avr/4.3.4/../../../avr/lib/avr51/crtm1281.o
__vector_45                                       /usr/lib/gcc/avr/4.3.4/../../../avr/lib/avr51/crtm1281.o
__vector_46                                       /usr/lib/gcc/avr/4.3.4/../../../avr/lib/avr51/crtm1281.o
__vector_47                                       /usr/lib/gcc/avr/4.3.4/../../../avr/lib/avr51/crtm1281.o
__vector_48                                       /usr/lib/gcc/avr/4.3.4/../../../avr/lib/avr51/crtm1281.o
__vector_49                                       /usr/lib/gcc/avr/4.3.4/../../../avr/lib/avr51/crtm1281.o
__vector_5                                        /usr/lib/gcc/avr/4.3.4/../../../avr/lib/avr51/crtm1281.o
__vector_50                                       /usr/lib/gcc/avr/4.3.4/../../../avr/lib/avr51/crtm1281.o
__vector_6                                        /usr/lib/gcc/avr/4.3.4/../../../avr/lib/avr51/crtm1281.o
__vector_7                                        /usr/lib/gcc/avr/4.3.4/../../../avr/lib/avr51/crtm1281.o
__vector_8                                        /usr/lib/gcc/avr/4.3.4/../../../avr/lib/avr51/crtm1281.o
__vector_9                                        ../../../src/kernel/hal/atmega1281/nrk_ext_int.o
                                                  /usr/lib/gcc/avr/4.3.4/../../../avr/lib/avr51/crtm1281.o
__vector_default                                  ../../../src/kernel/hal/atmega1281/nrk_timer.o
                                                  /usr/lib/gcc/avr/4.3.4/../../../avr/lib/avr51/crtm1281.o
__vectors                                         /usr/lib/gcc/avr/4.3.4/../../../avr/lib/avr51/crtm1281.o
_dbg_index                                        ../../../src/net/rt_link/rtl_debug.o
                                                  ../../../src/net/rt_link/rt_link.o
_div                                              /usr/lib/gcc/avr/4.3.4/avr51/libgcc.a(_divmodhi4.o)
_exit                                             /usr/lib/gcc/avr/4.3.4/avr51/libgcc.a(_exit.o)
_free_node                                        ../../../src/kernel/hal/atmega1281/nrk_cpu.o
                                                  ../../../src/kernel/source/nrk_scheduler.o
                                                  ../../../src/kernel/source/nrk_task.o
                                                  ../../../src/kernel/source/nrk_events.o
                                                  ../../../src/kernel/source/nrk_stats.o
                                                  ../../../src/kernel/source/nrk.o
_head_node                                        ../../../src/kernel/hal/atmega1281/nrk_cpu.o
                                                  ../../../src/kernel/source/nrk_scheduler.o
                                                  ../../../src/kernel/source/nrk_task.o
                                                  ../../../src/kernel/source/nrk_events.o
                                                  ../../../src/kernel/source/nrk_stats.o
                                                  ../../../src/kernel/source/nrk.o
_nrk_cpu_state                                    ../../../src/kernel/source/nrk_driver.o
                                                  ../../../src/kernel/source/nrk_scheduler.o
                                                  ../../../src/kernel/source/nrk_idle_task.o
                                                  ../../../src/kernel/source/nrk_task.o
                                                  ../../../src/kernel/source/nrk_events.o
                                                  ../../../src/kernel/source/nrk.o
_nrk_driver_count                                 ../../../src/kernel/source/nrk_driver.o
_nrk_errno_set                                    ../../../src/kernel/source/nrk_error.o
                                                  ../../../src/kernel/source/nrk_driver.o
                                                  ../../../src/kernel/source/nrk_events.o
                                                  ../../../src/radio/cc2420/source/basic_rf.o
                                                  ../../../src/drivers/platform/firefly2_2/source/ff_basic_sensor.o
_nrk_get_next_wakeup                              ../../../src/kernel/hal/atmega1281/nrk_timer.o
                                                  ../../../src/kernel/source/nrk_idle_task.o
                                                  ../../../src/kernel/source/nrk_task.o
_nrk_high_speed_timer_get                         ../../../src/kernel/hal/atmega1281/nrk_timer.o
                                                  ../../../src/kernel/source/nrk_scheduler.o
                                                  ../../../src/net/rt_link/rt_link.o
_nrk_high_speed_timer_reset                       ../../../src/kernel/hal/atmega1281/nrk_timer.o
                                                  ../../../src/kernel/source/nrk_scheduler.o
                                                  ../../../src/net/rt_link/rt_link.o
_nrk_high_speed_timer_start                       ../../../src/kernel/hal/atmega1281/nrk_timer.o
                                                  ../../../src/net/rt_link/rt_link.o
_nrk_high_speed_timer_stop                        ../../../src/kernel/hal/atmega1281/nrk_timer.o
_nrk_os_timer_get                                 ../../../src/kernel/hal/atmega1281/nrk_timer.o
                                                  ../../../src/kernel/source/nrk_scheduler.o
                                                  ../../../src/kernel/source/nrk_time.o
                                                  ../../../src/kernel/source/nrk_task.o
                                                  ../../../src/radio/cc2420/source/basic_rf.o
                                                  ../../../src/net/rt_link/rt_link.o
_nrk_os_timer_reset                               ../../../src/kernel/hal/atmega1281/nrk_timer.o
                                                  ../../../src/net/rt_link/rt_link.o
_nrk_os_timer_set                                 ../../../src/kernel/hal/atmega1281/nrk_timer.o
                                                  ../../../src/net/rt_link/rt_link.o
_nrk_os_timer_start                               ../../../src/kernel/hal/atmega1281/nrk_timer.o
                                                  ../../../src/net/rt_link/rt_link.o
_nrk_os_timer_stop                                ../../../src/kernel/hal/atmega1281/nrk_timer.o
                                                  ../../../src/net/rt_link/rt_link.o
_nrk_prev_timer_val                               ../../../src/kernel/hal/atmega1281/nrk_cpu.o
                                                  ../../../src/kernel/hal/atmega1281/nrk_timer.o
                                                  ../../../src/kernel/source/nrk_driver.o
                                                  ../../../src/kernel/source/nrk_scheduler.o
                                                  ../../../src/kernel/source/nrk_idle_task.o
                                                  ../../../src/kernel/source/nrk_time.o
                                                  ../../../src/kernel/source/nrk_task.o
                                                  ../../../src/kernel/source/nrk_events.o
                                                  ../../../src/kernel/source/nrk_error.o
                                                  ../../../src/radio/cc2420/source/basic_rf.o
                                                  ../../../src/drivers/platform/firefly2_2/source/ff_basic_sensor.o
                                                  ../../../src/net/rt_link/rt_link.o
_nrk_readyQ                                       ../../../src/kernel/hal/atmega1281/nrk_cpu.o
                                                  ../../../src/kernel/source/nrk_scheduler.o
                                                  ../../../src/kernel/source/nrk_events.o
                                                  ../../../src/kernel/source/nrk_stats.o
                                                  ../../../src/kernel/source/nrk.o
_nrk_resource_cnt                                 ../../../src/kernel/hal/atmega1281/nrk_cpu.o
                                                  ../../../src/kernel/source/nrk_scheduler.o
                                                  ../../../src/kernel/source/nrk_events.o
                                                  ../../../src/kernel/source/nrk_stats.o
                                                  ../../../src/kernel/source/nrk.o
_nrk_scheduler                                    ../../../src/kernel/source/nrk_scheduler.o
                                                  ../../../src/kernel/source/nrk.o
_nrk_set_next_wakeup                              ../../../src/kernel/hal/atmega1281/nrk_timer.o
                                                  ../../../src/kernel/source/nrk_scheduler.o
                                                  ../../../src/kernel/source/nrk_task.o
                                                  ../../../src/net/rt_link/rt_link.o
_nrk_setup_timer                                  ../../../src/kernel/hal/atmega1281/nrk_timer.o
                                                  ../../../src/kernel/hal/atmega1281/nrk_cpu.o
_nrk_signal_list                                  ../../../src/kernel/hal/atmega1281/nrk_cpu.o
                                                  ../../../src/kernel/hal/atmega1281/nrk_watchdog.o
                                                  ../../../src/kernel/hal/atmega1281/nrk_status.o
                                                  ../../../src/kernel/hal/atmega1281/nrk_ext_int.o
                                                  ../../../src/kernel/hal/atmega1281/nrk_timer.o
                                                  ../../../src/kernel/source/nrk_driver.o
                                                  ../../../src/kernel/source/nrk_scheduler.o
                                                  ../../../src/kernel/source/nrk_idle_task.o
                                                  ../../../src/kernel/source/nrk_time.o
                                                  ../../../src/kernel/source/nrk_task.o
                                                  ../../../src/kernel/source/nrk_events.o
                                                  ../../../src/kernel/source/nrk_stack_check.o
                                                  ../../../src/kernel/source/nrk_error.o
                                                  ../../../src/kernel/source/nrk_stats.o
                                                  ../../../src/kernel/source/nrk.o
                                                  ../../../src/platform/firefly2_2/source/nrk_eeprom.o
                                                  ../../../src/platform/firefly2_2/source/hal_wait.o
                                                  ../../../src/platform/firefly2_2/source/ulib.o
                                                  ../../../src/radio/cc2420/source/basic_rf.o
                                                  ../../../src/radio/cc2420/source/hal_rf_wait_for_crystal_oscillator.o
                                                  ../../../src/radio/cc2420/source/hal_rf_set_channel.o
                                                  ../../../src/drivers/platform/firefly2_2/source/ff_basic_sensor.o
                                                  ../../../src/net/rt_link/rtl_debug.o
                                                  ../../../src/net/rt_link/rtl_scheduler.o
                                                  ../../../src/net/rt_link/rt_link.o
                                                  main.o
_nrk_startup_ok                                   ../../../src/kernel/hal/atmega1281/nrk_status.o
                                                  ../../../src/kernel/source/nrk.o
_nrk_ticks_to_time                                ../../../src/kernel/source/nrk_time.o
_nrk_time_to_ticks                                ../../../src/kernel/source/nrk_time.o
                                                  ../../../src/kernel/source/nrk_task.o
                                                  ../../../src/kernel/source/nrk.o
_nrk_time_to_ticks_long                           ../../../src/kernel/source/nrk_time.o
_nrk_time_trigger                                 ../../../src/kernel/hal/atmega1281/nrk_cpu.o
                                                  ../../../src/kernel/hal/atmega1281/nrk_timer.o
                                                  ../../../src/kernel/source/nrk_driver.o
                                                  ../../../src/kernel/source/nrk_scheduler.o
                                                  ../../../src/kernel/source/nrk_idle_task.o
                                                  ../../../src/kernel/source/nrk_time.o
                                                  ../../../src/kernel/source/nrk_task.o
                                                  ../../../src/kernel/source/nrk_events.o
                                                  ../../../src/kernel/source/nrk_error.o
                                                  ../../../src/radio/cc2420/source/basic_rf.o
                                                  ../../../src/drivers/platform/firefly2_2/source/ff_basic_sensor.o
                                                  ../../../src/net/rt_link/rt_link.o
_nrk_timer_tick                                   ../../../src/kernel/source/nrk.o
                                                  ../../../src/kernel/hal/atmega1281/nrk_cpu.o
_nrk_wait_for_scheduler                           ../../../src/kernel/source/nrk_task.o
_rtl_clear_sched_cache                            ../../../src/net/rt_link/rtl_scheduler.o
                                                  ../../../src/net/rt_link/rt_link.o
_rtl_clr_abs_all_wakeup                           ../../../src/net/rt_link/rtl_scheduler.o
                                                  ../../../src/net/rt_link/rt_link.o
_rtl_clr_abs_wakeup                               ../../../src/net/rt_link/rtl_scheduler.o
                                                  ../../../src/net/rt_link/rt_link.o
_rtl_contention_pending                           ../../../src/net/rt_link/rtl_scheduler.o
                                                  ../../../src/net/rt_link/rt_link.o
                                                  main.o
_rtl_contention_slots                             ../../../src/net/rt_link/rtl_scheduler.o
                                                  ../../../src/net/rt_link/rt_link.o
                                                  main.o
_rtl_get_next_abs_wakeup                          ../../../src/net/rt_link/rtl_scheduler.o
                                                  ../../../src/net/rt_link/rt_link.o
_rtl_match_abs_wakeup                             ../../../src/net/rt_link/rtl_scheduler.o
                                                  ../../../src/net/rt_link/rt_link.o
_rtl_pow                                          ../../../src/net/rt_link/rtl_scheduler.o
_rtl_ready                                        ../../../src/net/rt_link/rtl_scheduler.o
                                                  ../../../src/net/rt_link/rt_link.o
                                                  main.o
_rtl_rx                                           ../../../src/net/rt_link/rt_link.o
_rtl_rx_sync                                      ../../../src/net/rt_link/rt_link.o
_rtl_sync_ok                                      ../../../src/net/rt_link/rtl_scheduler.o