Archive member included because of file (symbol)

/usr/lib/gcc/avr/4.3.4/../../../avr/lib/avr51/libprintf_min.a(vfprintf_min.o)
                              (vfprintf)
/usr/lib/gcc/avr/4.3.4/avr51/libgcc.a(_mulsi3.o)
                              ../../../src/net/rt_link/rt_link.o (__mulsi3)
/usr/lib/gcc/avr/4.3.4/avr51/libgcc.a(_udivmodhi4.o)
                              ../../../src/kernel/source/nrk_scheduler.o (__udivmodhi4)
/usr/lib/gcc/avr/4.3.4/avr51/libgcc.a(_divmodhi4.o)
                              ../../../src/net/rt_link/rt_link.o (__divmodhi4)
/usr/lib/gcc/avr/4.3.4/avr51/libgcc.a(_udivmodsi4.o)
                              ../../../src/net/rt_link/rt_link.o (__udivmodsi4)
/usr/lib/gcc/avr/4.3.4/avr51/libgcc.a(_exit.o)
                              /usr/lib/gcc/avr/4.3.4/../../../avr/lib/avr51/crtm1281.o (exit)
/usr/lib/gcc/avr/4.3.4/avr51/libgcc.a(_clear_bss.o)
                              main.o (__do_clear_bss)
/usr/lib/gcc/avr/4.3.4/../../../avr/lib/avr51/libc.a(rand.o)
                              ../../../src/net/rt_link/rt_link.o (rand)
/usr/lib/gcc/avr/4.3.4/../../../avr/lib/avr51/libc.a(strchr_P.o)
                              /usr/lib/gcc/avr/4.3.4/../../../avr/lib/avr51/libprintf_min.a(vfprintf_min.o) (strchr_P)
/usr/lib/gcc/avr/4.3.4/../../../avr/lib/avr51/libc.a(fdevopen.o)
                              ../../../src/platform/firefly2_2/source/ulib.o (fdevopen)
/usr/lib/gcc/avr/4.3.4/../../../avr/lib/avr51/libc.a(fgetc.o)
                              ../../../src/net/slip/slip.o (fgetc)
/usr/lib/gcc/avr/4.3.4/../../../avr/lib/avr51/libc.a(fputc.o)
                              ../../../src/net/slip/slip.o (fputc)
/usr/lib/gcc/avr/4.3.4/../../../avr/lib/avr51/libc.a(iob.o)
                              main.o (__iob)
/usr/lib/gcc/avr/4.3.4/../../../avr/lib/avr51/libc.a(printf.o)
                              main.o (printf)
/usr/lib/gcc/avr/4.3.4/../../../avr/lib/avr51/libc.a(putchar.o)
                              main.o (putchar)
/usr/lib/gcc/avr/4.3.4/../../../avr/lib/avr51/libc.a(puts.o)
                              main.o (puts)
/usr/lib/gcc/avr/4.3.4/../../../avr/lib/avr51/libc.a(sprintf.o)
                              main.o (sprintf)
/usr/lib/gcc/avr/4.3.4/../../../avr/lib/avr51/libc.a(ultoa_invert.o)
                              /usr/lib/gcc/avr/4.3.4/../../../avr/lib/avr51/libprintf_min.a(vfprintf_min.o) (__ultoa_invert)
/usr/lib/gcc/avr/4.3.4/../../../avr/lib/avr51/libc.a(eerd_byte_atmega1281.o)
                              ../../../src/platform/firefly2_2/source/nrk_eeprom.o (__eerd_byte_m1281)
/usr/lib/gcc/avr/4.3.4/../../../avr/lib/avr51/libc.a(eewr_byte_atmega1281.o)
                              ../../../src/platform/firefly2_2/source/nrk_eeprom.o (__eewr_byte_m1281)
/usr/lib/gcc/avr/4.3.4/../../../avr/lib/avr51/libc.a(calloc.o)
                              /usr/lib/gcc/avr/4.3.4/../../../avr/lib/avr51/libc.a(fdevopen.o) (calloc)
/usr/lib/gcc/avr/4.3.4/../../../avr/lib/avr51/libc.a(malloc.o)
                              /usr/lib/gcc/avr/4.3.4/../../../avr/lib/avr51/libc.a(calloc.o) (malloc)
/usr/lib/gcc/avr/4.3.4/../../../avr/lib/avr51/libc.a(memset.o)
                              /usr/lib/gcc/avr/4.3.4/../../../avr/lib/avr51/libc.a(calloc.o) (memset)
/usr/lib/gcc/avr/4.3.4/avr51/libgcc.a(_divmodsi4.o)
                              /usr/lib/gcc/avr/4.3.4/../../../avr/lib/avr51/libc.a(rand.o) (__divmodsi4)

Allocating common symbols
Common symbol       size              file

rx_ctr              0x4               ../../../src/radio/cc2420/source/basic_rf.o
last_slot_time      0x8               main.o
entry               0x6               main.o
rtl_param           0x9               main.o
_free_node          0x2               ../../../src/kernel/source/nrk.o
app_timer0_callback
                    0x2               ../../../src/net/rt_link/rt_link.o
nrk_task_TCB        0x14a             ../../../src/kernel/source/nrk.o
g_delay             0x1               ../../../src/net/slip/slip.o
cycle_callback      0x2               main.o
next_next_wakeup    0x2               ../../../src/kernel/source/nrk.o
ext_int1_callback   0x2               ../../../src/kernel/hal/atmega1281/nrk_ext_int.o
tsync_log           0x8               ../../../src/net/rt_link/rt_link.o
radio_sem           0x2               ../../../src/radio/cc2420/source/basic_rf.o
rtl_rx_pkt_signal   0x1               ../../../src/net/rt_link/rt_link.o
_rtl_ready          0x1               main.o
global_cycle        0x2               ../../../src/net/rt_link/rt_link.o
tsync_delay         0x8               ../../../src/net/rt_link/rt_link.o
rtl_task_stack      0x80              main.o
rtl_tx_data_ready   0x4               main.o
ext_int0_callback   0x2               ../../../src/kernel/hal/atmega1281/nrk_ext_int.o
nrk_sem_list        0x1e              ../../../src/kernel/source/nrk.o
g_dv_out            0x2               ../../../src/net/slip/slip.o
[...]
Memory Configuration

Name             Origin             Length             Attributes
text             0x00000000         0x00020000         xr
data             0x00800060         0x0000ffa0         rw !x
eeprom           0x00810000         0x00010000         rw !x
fuse             0x00820000         0x00000400         rw !x
lock             0x00830000         0x00000400         rw !x
signature        0x00840000         0x00000400         rw !x
*default*        0x00000000         0xffffffff

Linker script and memory map

Address of section .data set to 0x800200
LOAD /usr/lib/gcc/avr/4.3.4/../../../avr/lib/avr51/crtm1281.o
LOAD main.o
LOAD ../../../src/net/rt_link/rt_link.o
LOAD ../../../src/net/rt_link/rtl_scheduler.o
LOAD ../../../src/net/rt_link/rtl_debug.o
LOAD ../../../src/drivers/platform/firefly2_2/source/ff_basic_sensor.o
LOAD ../../../src/net/slip/slip.o
LOAD ../../../src/radio/cc2420/source/hal_rf_set_channel.o
LOAD ../../../src/radio/cc2420/source/hal_rf_wait_for_crystal_oscillator.o
LOAD ../../../src/radio/cc2420/source/basic_rf.o
LOAD ../../../src/platform/firefly2_2/source/ulib.o
LOAD ../../../src/platform/firefly2_2/source/hal_wait.o
LOAD ../../../src/platform/firefly2_2/source/nrk_eeprom.o
LOAD ../../../src/kernel/source/nrk.o
LOAD ../../../src/kernel/source/nrk_stats.o
LOAD ../../../src/kernel/source/nrk_error.o
LOAD ../../../src/kernel/source/nrk_stack_check.o
LOAD ../../../src/kernel/source/nrk_events.o
LOAD ../../../src/kernel/source/nrk_task.o
LOAD ../../../src/kernel/source/nrk_time.o
LOAD ../../../src/kernel/source/nrk_idle_task.o
LOAD ../../../src/kernel/source/nrk_scheduler.o
LOAD ../../../src/kernel/source/nrk_driver.o
LOAD ../../../src/kernel/source/nrk_reserve.o
LOAD ../../../src/kernel/hal/atmega1281/nrk_timer.o
LOAD ../../../src/kernel/hal/atmega1281/nrk_ext_int.o
LOAD ../../../src/kernel/hal/atmega1281/nrk_status.o
LOAD ../../../src/kernel/hal/atmega1281/nrk_watchdog.o
LOAD ../../../src/kernel/hal/atmega1281/nrk_cpu.o
LOAD ../../../src/kernel/hal/atmega1281/atmel_hw_specific.o
LOAD /usr/lib/gcc/avr/4.3.4/../../../avr/lib/avr51/libprintf_min.a
LOAD /usr/lib/gcc/avr/4.3.4/../../../avr/lib/avr51/libm.a
LOAD /usr/lib/gcc/avr/4.3.4/avr51/libgcc.a
LOAD /usr/lib/gcc/avr/4.3.4/../../../avr/lib/avr51/libc.a
LOAD /usr/lib/gcc/avr/4.3.4/avr51/libgcc.a

.hash
 *(.hash)

.dynsym
 *(.dynsym)

.dynstr
 *(.dynstr)

.gnu.version
 *(.gnu.version)

.gnu.version_d
 *(.gnu.version_d)

.gnu.version_r
 *(.gnu.version_r)

.rel.init
 *(.rel.init)

.rela.init
 *(.rela.init)

.rel.text
 *(.rel.text)
 *(.rel.text.*)
 *(.rel.gnu.linkonce.t*)

.rela.text
 *(.rela.text)
 *(.rela.text.*)
 *(.rela.gnu.linkonce.t*)

.rel.fini
 *(.rel.fini)

.rela.fini
 *(.rela.fini)

.rel.rodata
 *(.rel.rodata)
 *(.rel.rodata.*)
 *(.rel.gnu.linkonce.r*)

.rela.rodata
 *(.rela.rodata)
 *(.rela.rodata.*)
 *(.rela.gnu.linkonce.r*)

.rel.data
 *(.rel.data)
 *(.rel.data.*)
 *(.rel.gnu.linkonce.d*)

.rela.data
 *(.rela.data)
 *(.rela.data.*)
 *(.rela.gnu.linkonce.d*)

.rel.ctors
 *(.rel.ctors)

.rela.ctors
 *(.rela.ctors)

.rel.dtors
 *(.rel.dtors)

.rela.dtors
 *(.rela.dtors)

.rel.got
 *(.rel.got)

.rela.got
 *(.rela.got)

.rel.bss
 *(.rel.bss)

.rela.bss
 *(.rela.bss)

.rel.plt
 *(.rel.plt)

.rela.plt
 *(.rela.plt)

.text           0x00000000     0x78e4
 *(.vectors)
 .vectors       0x00000000       0xcc /usr/lib/gcc/avr/4.3.4/../../../avr/lib/avr51/crtm1281.o
                0x00000000                __vectors
 *(.vectors)
 *(.progmem.gcc*)
 .progmem.gcc_sw_table
                0x000000cc       0x24 ../../../src/kernel/source/nrk_error.o
 *(.progmem*)
 .progmem.data  0x000000f0       0x6f main.o
 .progmem.data  0x0000015f       0x56 ../../../src/net/rt_link/rt_link.o
 .progmem.data  0x000001b5       0x9c ../../../src/net/slip/slip.o
 .progmem.data  0x00000251       0x59 ../../../src/radio/cc2420/source/basic_rf.o
 .progmem.data  0x000002aa      0x1c8 ../../../src/kernel/source/nrk_error.o
 .progmem.data  0x00000472        0xf ../../../src/kernel/source/nrk_stack_check.o
 .progmem.data  0x00000481       0x17 /usr/lib/gcc/avr/4.3.4/../../../avr/lib/avr51/libprintf_min.a(vfprintf_min.o)
                0x00000498                . = ALIGN (0x2)
                0x00000498                __trampolines_start = .
 *(.trampolines)
 .trampolines   0x00000498        0x0 linker stubs
 *(.trampolines*)
                0x00000498                __trampolines_end = .
 *(.jumptables)
 *(.jumptables*)
 *(.lowtext)
 *(.lowtext*)
                0x00000498                __ctors_start = .
 *(.ctors)
                0x00000498                __ctors_end = .
                0x00000498                __dtors_start = .
 *(.dtors)
                0x00000498                __dtors_end = .
 SORT(*)(.ctors)
 SORT(*)(.dtors)
 *(.init0)
 .init0         0x00000498        0x0 /usr/lib/gcc/avr/4.3.4/../../../avr/lib/avr51/crtm1281.o
                0x00000498                __init
 *(.init0)
 *(.init1)
 *(.init1)
 *(.init2)
 .init2         0x00000498        0xc /usr/lib/gcc/avr/4.3.4/../../../avr/lib/avr51/crtm1281.o
 *(.init2)
 *(.init3)
 *(.init3)
 *(.init4)
 .init4         0x000004a4       0x1a /usr/lib/gcc/avr/4.3.4/../../../avr/lib/avr51/crtm1281.o
                0x000004a4                __do_copy_data
 .init4         0x000004be       0x10 /usr/lib/gcc/avr/4.3.4/avr51/libgcc.a(_clear_bss.o)
                0x000004be                __do_clear_bss
 *(.init4)
 *(.init5)
 *(.init5)
 *(.init6)
 *(.init6)
 *(.init7)
 *(.init7)
 *(.init8)
 *(.init8)
 *(.init9)
 .init9         0x000004ce        0x8 /usr/lib/gcc/avr/4.3.4/../../../avr/lib/avr51/crtm1281.o
 *(.init9)
 *(.text)
 .text          0x000004d6        0x4 /usr/lib/gcc/avr/4.3.4/../../../avr/lib/avr51/crtm1281.o
                0x000004d6                __vector_38
                0x000004d6                __vector_22
                0x000004d6                __vector_28
                0x000004d6                __vector_34
                0x000004d6                __vector_24
                0x000004d6                __vector_12
                0x000004d6                __vector_46
                0x000004d6                __bad_interrupt
                0x000004d6                __vector_6
                0x000004d6                __vector_31
                0x000004d6                __vector_35
                0x000004d6                __vector_39
                0x000004d6                __vector_3
                0x000004d6                __vector_23
                0x000004d6                __vector_30
                0x000004d6                __vector_45
                0x000004d6                __vector_25
                0x000004d6                __vector_11
                0x000004d6                __vector_19
                0x000004d6                __vector_7
                0x000004d6                __vector_49
                0x000004d6                __vector_41
                0x000004d6                __vector_43
                0x000004d6                __vector_27
                0x000004d6                __vector_5
                0x000004d6                __vector_33
                0x000004d6                __vector_47
                0x000004d6                __vector_37
                0x000004d6                __vector_4
                0x000004d6                __vector_44
                0x000004d6                __vector_2
                0x000004d6                __vector_21
                0x000004d6                __vector_29
                0x000004d6                __vector_40
                0x000004d6                __vector_8
                0x000004d6                __vector_26
                0x000004d6                __vector_48
                0x000004d6                __vector_14
                0x000004d6                __vector_10
                0x000004d6                __vector_50
                0x000004d6                __vector_16
                0x000004d6                __vector_18
                0x000004d6                __vector_20
                0x000004d6                __vector_42
 .text          0x000004da      0x630 main.o
                0x000004da                addToTXBuffer
                0x00000546                nrk_register_drivers
                0x0000055e                nrk_create_taskset
                0x000006f0                fetchTxBuffer
                0x00000794                Task2
                0x0000087a                Task1
                0x00000aa8                main
 .text          0x00000b0a      0xe90 ../../../src/net/rt_link/rt_link.o
                0x00000b0a                rtl_get_tx_done_signal
                0x00000b1c                rtl_get_rx_pkt_signal
                0x00000b2e                rtl_wait_until_global_slot
                0x00000b32                rtl_ready
                0x00000b42                rtl_rx_pkt_get
                0x00000b82                rtl_get_slot
                0x00000b8e                rtl_sync_status
                0x00000b94                rtl_check_abs_tx_status
                0x00000b9a                rtl_rx_pkt_release
                0x00000ba0                rtl_tx_pkt_check
                0x00000bce                rtl_rx_pkt_check
                0x00000bd4                rtl_set_cycle_callback
                0x00000bde                rtl_set_slot_callback
                0x00000be8                rtl_set_rx_callback
                0x00000bf2                rtl_set_tx_callback
                0x00000bfc                rtl_set_abs_callback
                0x00000c06                rtl_rx_pkt_set_buffer
                0x00000c22                rtl_task_config
                0x00000ccc                rtl_start
                0x00000d00                rtl_set_contention
                0x00000d48                rtl_init
                0x00000e82                rtl_set_tx_power
                0x00000e88                _rtl_tx
                0x00000fa6                _rtl_rx
                0x000010a8                rtl_tx_abs_pkt
                0x0000111a                _rtl_rx_sync
                0x00001372                rtl_set_channel
                0x0000137c                rtl_tx_pkt
                0x00001402                rtl_nw_task
                0x000017a4                rtl_get_global_slot
                0x00001876                rtl_wait_until_rx_or_tx
                0x000018c6                rtl_wait_until_rx_pkt
                0x000018f8                rtl_wait_until_tx_done
 .text          0x0000199a      0x47e ../../../src/net/rt_link/rtl_scheduler.o
                0x0000199a                rtl_set_schedule
                0x00001a4a                rtl_get_schedule
                0x00001a74                rtl_clr_schedule
                0x00001b1a                _rtl_clr_abs_all_wakeup
                0x00001b40                rtl_set_abs_wakeup
                0x00001bbc                _rtl_clr_abs_wakeup
                0x00001c26                _rtl_match_abs_wakeup
                0x00001cde                _rtl_get_next_abs_wakeup
                0x00001d20                _rtl_clear_sched_cache
                0x00001d30                rtl_get_slots_until_next_wakeup
                0x00001dec                _rtl_pow
 .text          0x00001e18      0x1fa ../../../src/net/rt_link/rtl_debug.o
                0x00001e18                rtl_debug_time_update
                0x00001e38                rtl_debug_time_get_drift
                0x00001e42                rtl_debug_init
                0x00001e64                bit_count
                0x00001e86                rtl_debug_get_pkt_loss
                0x00001ebc                rtl_debug_get_tsync_loss
                0x00001ee2                rtl_debug_rx_pkt
                0x00001f24                rtl_debug_dropped_pkt
                0x00001f68                rtl_debug_get_tsync_delay
                0x00001f7c                rtl_debug_rx_tsync
                0x00001fc6                rtl_debug_dropped_tsync
 .text          0x00002012      0x3c6 ../../../src/drivers/platform/firefly2_2/source/ff_basic_sensor.o
                0x00002012                init_adc
                0x0000203e                delay
                0x00002048                get_adc_val
                0x00002078                read_voltage_status
                0x000021ac                dev_manager_ff_sensors
 .text          0x000023d8      0x26c ../../../src/net/slip/slip.o
                0x000023d8                slip_started
                0x000023de                get_byte
                0x000023ec                slip_rx
                0x0000251c                put_byte
                0x00002556                slip_tx
                0x00002602                slip_init
 .text          0x00002644       0x3a ../../../src/radio/cc2420/source/hal_rf_set_channel.o
                0x00002644                halRfSetChannel
 .text          0x0000267e       0x18 ../../../src/radio/cc2420/source/hal_rf_wait_for_crystal_oscillator.o
                0x0000267e                halRfWaitForCrystalOscillator
 .text          0x00002696     0x1402 ../../../src/radio/cc2420/source/basic_rf.o
                0x00002696                rf_security_last_pkt_status
                0x0000269c                rf_security_set_ctr_counter
                0x00002722                rf_security_enable
                0x0000276e                rf_security_disable
                0x00002796                rf_get_sem
                0x000027a0                rf_addr_decode_enable
                0x000027d2                rf_addr_decode_disable
                0x00002804                rf_auto_ack_enable
                0x0000283c                rf_auto_ack_disable
                0x00002872                rf_busy
                0x00002884                rf_rx_check_fifop
                0x0000288e                rf_rx_check_sfd
                0x000028a0                rf_rx_packet
                0x000028b2                rf_flush_rx_fifo
                0x000028d0                rf_carrier_off
                0x000028f8                rf_carrier_on
                0x00002920                rf_data_mode
                0x0000298a                rf_test_mode
                0x000029f8                rf_set_cca_thresh
                0x00002a46                rf_polling_rx_packet
                0x00002ecc                rf_rx_off
                0x00002efc                rf_polling_rx_on
                0x00002f3c                rf_rx_on
                0x00002f7c                rf_tx_power
                0x00002fc6                rf_tx_packet
                0x000032fa                rf_tx_tdma_packet
                0x00003602                rf_addr_decode_set_my_mac
                0x00003666                rf_security_set_key
                0x00003834                rf_set_rx
                0x00003888                rf_set_channel
                0x000038ae                rf_init
 .text          0x00003a98      0x9b4 ../../../src/platform/firefly2_2/source/ulib.o
                0x00003a98                getc1
                0x00003ada                nrk_uart_data_ready
                0x00003b04                nrk_setup_ports
                0x00003b34                PORT_INIT
                0x00003b5e                nrk_gpio_set
                0x00003c4c                nrk_gpio_clr
                0x00003d48                nrk_gpio_get
                0x00003dac                nrk_gpio_toggle
                0x00003fa4                nrk_gpio_direction
                0x0000419a                nrk_get_button
                0x000041ae                nrk_led_toggle
                0x000041e2                nrk_led_clr
                0x00004216                nrk_led_set
                0x0000424a                nrk_gpio_pullups
                0x0000425e                putc0
                0x00004278                putc1
                0x00004288                setup_uart0
                0x000042b2                setup_uart1
                0x000042dc                getc0
                0x000042f4                nrk_setup_uart
                0x0000436e                nrk_uart_rx_signal_get
                0x00004382                nrk_kprintf
                0x000043a8                __vector_36
 .text          0x0000444c        0xe ../../../src/platform/firefly2_2/source/hal_wait.o
                0x0000444c                halWait
 .text          0x0000445a      0x138 ../../../src/platform/firefly2_2/source/nrk_eeprom.o
                0x0000445a                write_eeprom_current_image_checksum
                0x0000446a                write_eeprom_aes_key
                0x00004498                write_eeprom_load_img_pages
                0x000044a8                nrk_eeprom_write_byte
                0x000044ae                read_eeprom_current_image_checksum
                0x000044c8                read_eeprom_aes_key
                0x000044f6                read_eeprom_load_img_pages
                0x00004510                read_eeprom_channel
                0x0000452a                read_eeprom_mac_address
                0x0000458c                nrk_eeprom_read_byte
 .text          0x00004592      0x436 ../../../src/kernel/source/nrk.o
                0x00004592                nrk_int_disable
                0x00004596                nrk_int_enable
                0x0000459a                nrk_halt
                0x0000459e                nrk_version
                0x000045a4                _nrk_timer_tick
                0x000045aa                nrk_TCB_init
                0x000047f6                nrk_start
                0x000048b0                nrk_init
 .text          0x000049c8        0x0 ../../../src/kernel/source/nrk_stats.o
 .text          0x000049c8      0x1ac ../../../src/kernel/source/nrk_error.o
                0x000049c8                _nrk_errno_set
                0x000049d4                nrk_errno_get
                0x000049e0                nrk_error_get
                0x000049f8                nrk_error_print
                0x00004b4e                nrk_kernel_error_add
                0x00004b5c                nrk_error_add
 .text          0x00004b74      0x23e ../../../src/kernel/source/nrk_stack_check.o
                0x00004b74                nrk_stack_check_pid
                0x00004bb8                dump_stack_info
                0x00004d6c                nrk_stack_check
 .text          0x00004db2      0x652 ../../../src/kernel/source/nrk_events.o
                0x00004db2                nrk_signal_create
                0x00004e24                nrk_signal_get_registered_mask
                0x00004e36                nrk_signal_unregister
                0x00004eb8                nrk_signal_register
                0x00004f26                nrk_sem_create
                0x00004f78                nrk_get_resource_index
                0x00004f94                nrk_sem_delete
                0x00004fea                nrk_sem_query
                0x0000502e                nrk_sem_post
                0x000050e2                nrk_event_signal
                0x000051bc                nrk_signal_delete
                0x000052d4                nrk_sem_pend
                0x0000538a                nrk_event_wait
 .text          0x00005404      0x6d0 ../../../src/kernel/source/nrk_task.o
                0x00005404                nrk_get_high_ready_task_ID
                0x00005410                nrk_print_readyQ
                0x00005426                nrk_add_to_readyQ
                0x0000558a                nrk_rem_from_readyQ
                0x00005648                nrk_get_pid
                0x00005654                _nrk_wait_for_scheduler
                0x00005668                nrk_wait
                0x00005720                nrk_wait_until
                0x000057cc                nrk_wait_until_nw
                0x00005818                nrk_set_next_wakeup
                0x00005890                nrk_wait_until_ticks
                0x000058e4                nrk_wait_ticks
                0x00005950                nrk_wait_until_next_n_periods
                0x000059b4                nrk_wait_until_next_period
                0x00005a0a                nrk_terminate_task
                0x00005a2c                nrk_activate_task
 .text          0x00005ad4      0x5b6 ../../../src/kernel/source/nrk_time.o
                0x00005ad4                nrk_time_sub
                0x00005bec                nrk_time_add
                0x00005cde                nrk_time_compact_nanos
                0x00005d22                nrk_time_set
                0x00005d44                _nrk_time_to_ticks
                0x00005e48                _nrk_ticks_to_time
                0x00005ebc                _nrk_time_to_ticks_long
                0x00005fd4                nrk_time_get
 .text          0x0000608a       0x36 ../../../src/kernel/source/nrk_idle_task.o
                0x0000608a                nrk_idle_task
 .text          0x000060c0      0x3f0 ../../../src/kernel/source/nrk_scheduler.o
                0x000060c0                _nrk_scheduler
 .text          0x000064b0      0x20a ../../../src/kernel/source/nrk_driver.o
                0x000064b0                nrk_register_driver
                0x000064e6                nrk_open
                0x00006588                nrk_get_status
                0x000065c4                nrk_set_status
                0x00006600                nrk_read
                0x0000663e                nrk_write
                0x0000667c                nrk_close
 .text          0x000066ba        0x0 ../../../src/kernel/source/nrk_reserve.o
 .text          0x000066ba      0x360 ../../../src/kernel/hal/atmega1281/nrk_timer.o
                0x000066ba                nrk_spin_wait_us
                0x000066c8                _nrk_setup_timer
                0x00006732                _nrk_high_speed_timer_stop
                0x00006738                _nrk_high_speed_timer_start
                0x00006740                _nrk_high_speed_timer_reset
                0x00006750                nrk_high_speed_timer_wait
                0x000067ca                _nrk_high_speed_timer_get
                0x000067f0                _nrk_os_timer_stop
                0x00006806                _nrk_os_timer_set
                0x0000680c                _nrk_os_timer_start
                0x0000681e                _nrk_os_timer_reset
                0x00006832                _nrk_get_next_wakeup
                0x0000683a                _nrk_set_next_wakeup
                0x00006842                nrk_timer_int_stop
                0x0000684e                nrk_timer_int_reset
                0x00006862                nrk_timer_int_read
                0x00006878                nrk_timer_int_start
                0x0000688a                nrk_timer_int_configure
                0x00006906                _nrk_os_timer_get
                0x0000690c                __vector_13
                0x0000690c                __vector_15
                0x00006972                __vector_17
                0x00006986                __vector_32
                0x000069ea                __vector_default
 .text          0x00006a1a      0x2f2 ../../../src/kernel/hal/atmega1281/nrk_ext_int.o
                0x00006a1a                nrk_ext_int_enable
                0x00006aa2                nrk_ext_int_disable
                0x00006b2a                nrk_ext_int_configure
                0x00006c44                __vector_1
                0x00006ca8                __vector_9
 .text          0x00006d0c       0x12 ../../../src/kernel/hal/atmega1281/nrk_status.o
                0x00006d0c                _nrk_startup_ok
                0x00006d1c                update_watchdog
 .text          0x00006d1e       0x50 ../../../src/kernel/hal/atmega1281/nrk_watchdog.o
                0x00006d1e                nrk_watchdog_check
                0x00006d2c                nrk_watchdog_reset
                0x00006d30                nrk_watchdog_enable
                0x00006d50                nrk_watchdog_disable
 .text          0x00006d6e      0x100 ../../../src/kernel/hal/atmega1281/nrk_cpu.o
                0x00006d6e                nrk_battery_save
                0x00006d70                nrk_sleep
                0x00006d88                nrk_idle
                0x00006d9e                nrk_task_set_entry_function
                0x00006da6                nrk_task_stk_init
                0x00006dfc                nrk_stack_pointer_init
                0x00006e1a                nrk_stack_pointer_restore
                0x00006e28                nrk_target_start
                0x00006e32                nrk_task_set_stk
 .text          0x00006e6e       0x56 ../../../src/kernel/hal/atmega1281/atmel_hw_specific.o
                0x00006e6e                nrk_start_high_ready_task
 .text          0x00006ec4        0x0 /usr/lib/gcc/avr/4.3.4/../../../avr/lib/avr51/libprintf_min.a(vfprintf_min.o)
 .text          0x00006ec4        0x0 /usr/lib/gcc/avr/4.3.4/avr51/libgcc.a(_mulsi3.o)
 .text          0x00006ec4        0x0 /usr/lib/gcc/avr/4.3.4/avr51/libgcc.a(_udivmodhi4.o)
 .text          0x00006ec4        0x0 /usr/lib/gcc/avr/4.3.4/avr51/libgcc.a(_divmodhi4.o)
 .text          0x00006ec4        0x0 /usr/lib/gcc/avr/4.3.4/avr51/libgcc.a(_udivmodsi4.o)
 .text          0x00006ec4        0x0 /usr/lib/gcc/avr/4.3.4/avr51/libgcc.a(_exit.o)
 .text          0x00006ec4        0x0 /usr/lib/gcc/avr/4.3.4/avr51/libgcc.a(_clear_bss.o)
 .text          0x00006ec4        0x0 /usr/lib/gcc/avr/4.3.4/../../../avr/lib/avr51/libc.a(rand.o)
 .text          0x00006ec4        0x0 /usr/lib/gcc/avr/4.3.4/../../../avr/lib/avr51/libc.a(strchr_P.o)
 .text          0x00006ec4        0x0 /usr/lib/gcc/avr/4.3.4/../../../avr/lib/avr51/libc.a(fdevopen.o)
 .text          0x00006ec4        0x0 /usr/lib/gcc/avr/4.3.4/../../../avr/lib/avr51/libc.a(fgetc.o)
 .text          0x00006ec4        0x0 /usr/lib/gcc/avr/4.3.4/../../../avr/lib/avr51/libc.a(fputc.o)
 .text          0x00006ec4        0x0 /usr/lib/gcc/avr/4.3.4/../../../avr/lib/avr51/libc.a(iob.o)
 .text          0x00006ec4        0x0 /usr/lib/gcc/avr/4.3.4/../../../avr/lib/avr51/libc.a(printf.o)
 .text          0x00006ec4        0x0 /usr/lib/gcc/avr/4.3.4/../../../avr/lib/avr51/libc.a(putchar.o)
 .text          0x00006ec4        0x0 /usr/lib/gcc/avr/4.3.4/../../../avr/lib/avr51/libc.a(puts.o)
 .text          0x00006ec4        0x0 /usr/lib/gcc/avr/4.3.4/../../../avr/lib/avr51/libc.a(sprintf.o)
 .text          0x00006ec4        0x0 /usr/lib/gcc/avr/4.3.4/../../../avr/lib/avr51/libc.a(ultoa_invert.o)
 .text          0x00006ec4        0x0 /usr/lib/gcc/avr/4.3.4/../../../avr/lib/avr51/libc.a(eerd_byte_atmega1281.o)
 .text          0x00006ec4        0x0 /usr/lib/gcc/avr/4.3.4/../../../avr/lib/avr51/libc.a(eewr_byte_atmega1281.o)
 .text          0x00006ec4        0x0 /usr/lib/gcc/avr/4.3.4/../../../avr/lib/avr51/libc.a(calloc.o)
 .text          0x00006ec4        0x0 /usr/lib/gcc/avr/4.3.4/../../../avr/lib/avr51/libc.a(malloc.o)
 .text          0x00006ec4        0x0 /usr/lib/gcc/avr/4.3.4/../../../avr/lib/avr51/libc.a(memset.o)
 .text          0x00006ec4        0x0 /usr/lib/gcc/avr/4.3.4/avr51/libgcc.a(_divmodsi4.o)
                0x00006ec4                . = ALIGN (0x2)
 *(.text.*)
 .text.avr-libc
                0x00006ec4      0x280 /usr/lib/gcc/avr/4.3.4/../../../avr/lib/avr51/libprintf_min.a(vfprintf_min.o)
                0x00006ec4                vfprintf
 .text.libgcc   0x00007144       0x3e /usr/lib/gcc/avr/4.3.4/avr51/libgcc.a(_mulsi3.o)
                0x00007144                __mulsi3
 .text.libgcc   0x00007182       0x28 /usr/lib/gcc/avr/4.3.4/avr51/libgcc.a(_udivmodhi4.o)
                0x00007182                __udivmodhi4
 .text.libgcc   0x000071aa       0x26 /usr/lib/gcc/avr/4.3.4/avr51/libgcc.a(_divmodhi4.o)
                0x000071aa                __divmodhi4
                0x000071aa                _div
 .text.libgcc   0x000071d0       0x44 /usr/lib/gcc/avr/4.3.4/avr51/libgcc.a(_udivmodsi4.o)
                0x000071d0                __udivmodsi4
 .text.libgcc   0x00007214        0x0 /usr/lib/gcc/avr/4.3.4/avr51/libgcc.a(_exit.o)
 .text.libgcc   0x00007214        0x0 /usr/lib/gcc/avr/4.3.4/avr51/libgcc.a(_clear_bss.o)
 .text.avr-libc
                0x00007214       0xd6 /usr/lib/gcc/avr/4.3.4/../../../avr/lib/avr51/libc.a(rand.o)
                0x000072c4                rand_r
                0x000072ca                rand
                0x000072d4                srand
 .text.avr-libc
                0x000072ea       0x16 /usr/lib/gcc/avr/4.3.4/../../../avr/lib/avr51/libc.a(strchr_P.o)
                0x000072ea                strchr_P
 .text.avr-libc
                0x00007300       0x98 /usr/lib/gcc/avr/4.3.4/../../../avr/lib/avr51/libc.a(fdevopen.o)
                0x00007300                fdevopen
 .text.avr-libc
                0x00007398       0x84 /usr/lib/gcc/avr/4.3.4/../../../avr/lib/avr51/libc.a(fgetc.o)
                0x00007398                fgetc
 .text.avr-libc
                0x0000741c       0x58 /usr/lib/gcc/avr/4.3.4/../../../avr/lib/avr51/libc.a(fputc.o)
                0x0000741c                fputc
 .text.avr-libc
                0x00007474       0x24 /usr/lib/gcc/avr/4.3.4/../../../avr/lib/avr51/libc.a(printf.o)
                0x00007474                printf
 .text.avr-libc
                0x00007498        0xe /usr/lib/gcc/avr/4.3.4/../../../avr/lib/avr51/libc.a(putchar.o)
                0x00007498                putchar
 .text.avr-libc
                0x000074a6       0x6a /usr/lib/gcc/avr/4.3.4/../../../avr/lib/avr51/libc.a(puts.o)
                0x000074a6                puts
 .text.avr-libc
                0x00007510       0x62 /usr/lib/gcc/avr/4.3.4/../../../avr/lib/avr51/libc.a(sprintf.o)
                0x00007510                sprintf
 .text.avr-libc
                0x00007572       0xbc /usr/lib/gcc/avr/4.3.4/../../../avr/lib/avr51/libc.a(ultoa_invert.o)
                0x00007572                __ultoa_invert
 .text.avr-libc
                0x0000762e       0x10 /usr/lib/gcc/avr/4.3.4/../../../avr/lib/avr51/libc.a(eerd_byte_atmega1281.o)
                0x0000762e                __eerd_byte_m1281
 .text.avr-libc
                0x0000763e       0x1c /usr/lib/gcc/avr/4.3.4/../../../avr/lib/avr51/libc.a(eewr_byte_atmega1281.o)
                0x0000763e                __eewr_byte_m1281
                0x00007640                __eewr_r18_m1281
 .text.avr-libc
                0x0000765a       0x38 /usr/lib/gcc/avr/4.3.4/../../../avr/lib/avr51/libc.a(calloc.o)
                0x0000765a                calloc
 .text.avr-libc
                0x00007692      0x20a /usr/lib/gcc/avr/4.3.4/../../../avr/lib/avr51/libc.a(malloc.o)
                0x00007692                malloc
                0x000077ec                free
 .text.avr-libc
                0x0000789c        0xe /usr/lib/gcc/avr/4.3.4/../../../avr/lib/avr51/libc.a(memset.o)
                0x0000789c                memset
 .text.libgcc   0x000078aa       0x36 /usr/lib/gcc/avr/4.3.4/avr51/libgcc.a(_divmodsi4.o)
                0x000078aa                __divmodsi4
                0x000078e0                . = ALIGN (0x2)
 *(.fini9)
 .fini9         0x000078e0        0x0 /usr/lib/gcc/avr/4.3.4/avr51/libgcc.a(_exit.o)
                0x000078e0                exit
                0x000078e0                _exit
 *(.fini9)
 *(.fini8)
 *(.fini8)
 *(.fini7)
 *(.fini7)
 *(.fini6)
 *(.fini6)
 *(.fini5)
 *(.fini5)
 *(.fini4)
 *(.fini4)
 *(.fini3)
 *(.fini3)
 *(.fini2)
 *(.fini2)
 *(.fini1)
 *(.fini1)
 *(.fini0)
 .fini0         0x000078e0        0x4 /usr/lib/gcc/avr/4.3.4/avr51/libgcc.a(_exit.o)
 *(.fini0)
                0x000078e4                _etext = .

.data           0x00800200       0xf8 load address 0x000078e4
                0x00800200                PROVIDE (__data_start, .)
 *(.data)
 .data          0x00800200        0x0 /usr/lib/gcc/avr/4.3.4/../../../avr/lib/avr51/crtm1281.o
 .data          0x00800200       0x7a main.o
 .data          0x0080027a        0x0 ../../../src/net/rt_link/rt_link.o
 .data          0x0080027a        0x0 ../../../src/net/rt_link/rtl_scheduler.o
 .data          0x0080027a        0x0 ../../../src/net/rt_link/rtl_debug.o
 .data          0x0080027a        0x0 ../../../src/drivers/platform/firefly2_2/source/ff_basic_sensor.o
 .data          0x0080027a        0x1 ../../../src/net/slip/slip.o
                0x0080027a                _slip_started
 .data          0x0080027b        0x0 ../../../src/radio/cc2420/source/hal_rf_set_channel.o
 .data          0x0080027b        0x0 ../../../src/radio/cc2420/source/hal_rf_wait_for_crystal_oscillator.o
 .data          0x0080027b        0x0 ../../../src/radio/cc2420/source/basic_rf.o
 .data          0x0080027b       0x21 ../../../src/platform/firefly2_2/source/ulib.o
                0x0080027b                NRK_DEBUG_0
                0x0080027c                NRK_DEBUG_1
                0x0080027d                NRK_BUTTON
                0x0080027e                NRK_SPI_SS
                0x0080027f                NRK_SCK
                0x00800280                NRK_MOSI
                0x00800281                NRK_MISO
                0x00800282                NRK_GPIO26
                0x00800283                NRK_MMC_11
                0x00800284                NRK_MMC_10
                0x00800285                NRK_MMC_9
                0x00800286                NRK_DEBUG_2
                0x00800287                NRK_DEBUG_3
                0x00800288                NRK_UART1_RXD
                0x00800289                NRK_UART1_TXD
                0x0080028a                NRK_CCA
                0x0080028b                NRK_SFD
                0x0080028c                NRK_UART0_RXD
                0x0080028d                NRK_UART0_TXD
                0x0080028e                NRK_LED_0
                0x0080028f                NRK_LED_1
                0x00800290                NRK_LED_2
                0x00800291                NRK_LED_3
                0x00800292                NRK_GPIO34
                0x00800293                NRK_FIFOP
                0x00800294                NRK_ADC_INPUT_0
                0x00800295                NRK_ADC_INPUT_1
                0x00800296                NRK_ADC_INPUT_2
                0x00800297                NRK_ADC_INPUT_3
                0x00800298                NRK_ADC_INPUT_4
                0x00800299                NRK_ADC_INPUT_5
                0x0080029a                NRK_ADC_INPUT_6
                0x0080029b                NRK_ADC_INPUT_7
 .data          0x0080029c        0x0 ../../../src/platform/firefly2_2/source/hal_wait.o
 .data          0x0080029c        0x0 ../../../src/platform/firefly2_2/source/nrk_eeprom.o
 .data          0x0080029c        0x0 ../../../src/kernel/source/nrk.o
 .data          0x0080029c        0x0 ../../../src/kernel/source/nrk_stats.o
 .data          0x0080029c        0x3 ../../../src/kernel/source/nrk_error.o
 .data          0x0080029f       0x4e ../../../src/kernel/source/nrk_stack_check.o
 .data          0x008002ed        0x0 ../../../src/kernel/source/nrk_events.o
 .data          0x008002ed        0x0 ../../../src/kernel/source/nrk_task.o
 .data          0x008002ed        0x0 ../../../src/kernel/source/nrk_time.o
 .data          0x008002ed        0x0 ../../../src/kernel/source/nrk_idle_task.o
 .data          0x008002ed        0x0 ../../../src/kernel/source/nrk_scheduler.o
 .data          0x008002ed        0x0 ../../../src/kernel/source/nrk_driver.o
 .data          0x008002ed        0x0 ../../../src/kernel/source/nrk_reserve.o
 .data          0x008002ed        0x0 ../../../src/kernel/hal/atmega1281/nrk_timer.o
 .data          0x008002ed        0x0 ../../../src/kernel/hal/atmega1281/nrk_ext_int.o
 .data          0x008002ed        0x0 ../../../src/kernel/hal/atmega1281/nrk_status.o
 .data          0x008002ed        0x0 ../../../src/kernel/hal/atmega1281/nrk_watchdog.o
 .data          0x008002ed        0x0 ../../../src/kernel/hal/atmega1281/nrk_cpu.o
 .data          0x008002ed        0x0 ../../../src/kernel/hal/atmega1281/atmel_hw_specific.o
 .data          0x008002ed        0x0 /usr/lib/gcc/avr/4.3.4/../../../avr/lib/avr51/libprintf_min.a(vfprintf_min.o)
 .data          0x008002ed        0x0 /usr/lib/gcc/avr/4.3.4/avr51/libgcc.a(_mulsi3.o)
 .data          0x008002ed        0x0 /usr/lib/gcc/avr/4.3.4/avr51/libgcc.a(_udivmodhi4.o)
 .data          0x008002ed        0x0 /usr/lib/gcc/avr/4.3.4/avr51/libgcc.a(_divmodhi4.o)
 .data          0x008002ed        0x0 /usr/lib/gcc/avr/4.3.4/avr51/libgcc.a(_udivmodsi4.o)
 .data          0x008002ed        0x0 /usr/lib/gcc/avr/4.3.4/avr51/libgcc.a(_exit.o)
 .data          0x008002ed        0x0 /usr/lib/gcc/avr/4.3.4/avr51/libgcc.a(_clear_bss.o)
 .data          0x008002ed        0x4 /usr/lib/gcc/avr/4.3.4/../../../avr/lib/avr51/libc.a(rand.o)
 .data          0x008002f1        0x0 /usr/lib/gcc/avr/4.3.4/../../../avr/lib/avr51/libc.a(strchr_P.o)
 .data          0x008002f1        0x0 /usr/lib/gcc/avr/4.3.4/../../../avr/lib/avr51/libc.a(fdevopen.o)
 .data          0x008002f1        0x0 /usr/lib/gcc/avr/4.3.4/../../../avr/lib/avr51/libc.a(fgetc.o)
 .data          0x008002f1        0x0 /usr/lib/gcc/avr/4.3.4/../../../avr/lib/avr51/libc.a(fputc.o)
 .data          0x008002f1        0x0 /usr/lib/gcc/avr/4.3.4/../../../avr/lib/avr51/libc.a(iob.o)
 .data          0x008002f1        0x0 /usr/lib/gcc/avr/4.3.4/../../../avr/lib/avr51/libc.a(printf.o)
 .data          0x008002f1        0x0 /usr/lib/gcc/avr/4.3.4/../../../avr/lib/avr51/libc.a(putchar.o)
 .data          0x008002f1        0x0 /usr/lib/gcc/avr/4.3.4/../../../avr/lib/avr51/libc.a(puts.o)
 .data          0x008002f1        0x0 /usr/lib/gcc/avr/4.3.4/../../../avr/lib/avr51/libc.a(sprintf.o)
 .data          0x008002f1        0x0 /usr/lib/gcc/avr/4.3.4/../../../avr/lib/avr51/libc.a(ultoa_invert.o)
 .data          0x008002f1        0x0 /usr/lib/gcc/avr/4.3.4/../../../avr/lib/avr51/libc.a(eerd_byte_atmega1281.o)
 .data          0x008002f1        0x0 /usr/lib/gcc/avr/4.3.4/../../../avr/lib/avr51/libc.a(eewr_byte_atmega1281.o)
 .data          0x008002f1        0x0 /usr/lib/gcc/avr/4.3.4/../../../avr/lib/avr51/libc.a(calloc.o)
 .data          0x008002f1        0x6 /usr/lib/gcc/avr/4.3.4/../../../avr/lib/avr51/libc.a(malloc.o)
                0x008002f1                __malloc_margin
                0x008002f3                __malloc_heap_start
                0x008002f5                __malloc_heap_end
 .data          0x008002f7        0x0 /usr/lib/gcc/avr/4.3.4/../../../avr/lib/avr51/libc.a(memset.o)
 .data          0x008002f7        0x0 /usr/lib/gcc/avr/4.3.4/avr51/libgcc.a(_divmodsi4.o)
 *(.data*)
 *(.rodata)
 *(.rodata*)
 *(.gnu.linkonce.d*)
                0x008002f8                . = ALIGN (0x2)
 *fill*         0x008002f7        0x1 00
                0x008002f8                _edata = .
                0x008002f8                PROVIDE (__data_end, .)

.bss            0x008002f8      0xa2f
                0x008002f8                PROVIDE (__bss_start, .)
 *(.bss)
 .bss           0x008002f8        0x0 /usr/lib/gcc/avr/4.3.4/../../../avr/lib/avr51/crtm1281.o
 .bss           0x008002f8        0x4 main.o
                0x008002f8                front
                0x008002fa                rear
 .bss           0x008002fc        0x0 ../../../src/net/rt_link/rt_link.o
 .bss           0x008002fc        0x0 ../../../src/net/rt_link/rtl_scheduler.o
 .bss           0x008002fc        0x0 ../../../src/net/rt_link/rtl_debug.o
 .bss           0x008002fc        0x0 ../../../src/drivers/platform/firefly2_2/source/ff_basic_sensor.o
 .bss           0x008002fc        0x0 ../../../src/net/slip/slip.o
 .bss           0x008002fc        0x0 ../../../src/radio/cc2420/source/hal_rf_set_channel.o
 .bss           0x008002fc        0x0 ../../../src/radio/cc2420/source/hal_rf_wait_for_crystal_oscillator.o
 .bss           0x008002fc        0x0 ../../../src/radio/cc2420/source/basic_rf.o
 .bss           0x008002fc        0x0 ../../../src/platform/firefly2_2/source/ulib.o
 .bss           0x008002fc        0x0 ../../../src/platform/firefly2_2/source/hal_wait.o
 .bss           0x008002fc        0x0 ../../../src/platform/firefly2_2/source/nrk_eeprom.o
 .bss           0x008002fc        0x0 ../../../src/kernel/source/nrk.o
 .bss           0x008002fc        0x0 ../../../src/kernel/source/nrk_stats.o
 .bss           0x008002fc        0x0 ../../../src/kernel/source/nrk_error.o
 .bss           0x008002fc        0x0 ../../../src/kernel/source/nrk_stack_check.o
 .bss           0x008002fc        0x0 ../../../src/kernel/source/nrk_events.o
 .bss           0x008002fc        0x0 ../../../src/kernel/source/nrk_task.o
 .bss           0x008002fc        0x0 ../../../src/kernel/source/nrk_time.o
 .bss           0x008002fc        0x0 ../../../src/kernel/source/nrk_idle_task.o
 .bss           0x008002fc        0x0 ../../../src/kernel/source/nrk_scheduler.o
 .bss           0x008002fc        0x0 ../../../src/kernel/source/nrk_driver.o
 .bss           0x008002fc        0x0 ../../../src/kernel/source/nrk_reserve.o
 .bss           0x008002fc        0x0 ../../../src/kernel/hal/atmega1281/nrk_timer.o
 .bss           0x008002fc        0x0 ../../../src/kernel/hal/atmega1281/nrk_ext_int.o
 .bss           0x008002fc        0x0 ../../../src/kernel/hal/atmega1281/nrk_status.o
 .bss           0x008002fc        0x0 ../../../src/kernel/hal/atmega1281/nrk_watchdog.o
 .bss           0x008002fc        0x0 ../../../src/kernel/hal/atmega1281/nrk_cpu.o
 .bss           0x008002fc        0x0 ../../../src/kernel/hal/atmega1281/atmel_hw_specific.o
 .bss           0x008002fc        0x0 /usr/lib/gcc/avr/4.3.4/../../../avr/lib/avr51/libprintf_min.a(vfprintf_min.o)
 .bss           0x008002fc        0x0 /usr/lib/gcc/avr/4.3.4/avr51/libgcc.a(_mulsi3.o)
 .bss           0x008002fc        0x0 /usr/lib/gcc/avr/4.3.4/avr51/libgcc.a(_udivmodhi4.o)
 .bss           0x008002fc        0x0 /usr/lib/gcc/avr/4.3.4/avr51/libgcc.a(_divmodhi4.o)
 .bss           0x008002fc        0x0 /usr/lib/gcc/avr/4.3.4/avr51/libgcc.a(_udivmodsi4.o)
 .bss           0x008002fc        0x0 /usr/lib/gcc/avr/4.3.4/avr51/libgcc.a(_exit.o)
 .bss           0x008002fc        0x0 /usr/lib/gcc/avr/4.3.4/avr51/libgcc.a(_clear_bss.o)
 .bss           0x008002fc        0x0 /usr/lib/gcc/avr/4.3.4/../../../avr/lib/avr51/libc.a(rand.o)
 .bss           0x008002fc        0x0 /usr/lib/gcc/avr/4.3.4/../../../avr/lib/avr51/libc.a(strchr_P.o)
 .bss           0x008002fc        0x0 /usr/lib/gcc/avr/4.3.4/../../../avr/lib/avr51/libc.a(fdevopen.o)
 .bss           0x008002fc        0x0 /usr/lib/gcc/avr/4.3.4/../../../avr/lib/avr51/libc.a(fgetc.o)
 .bss           0x008002fc        0x0 /usr/lib/gcc/avr/4.3.4/../../../avr/lib/avr51/libc.a(fputc.o)
 .bss           0x008002fc        0x0 /usr/lib/gcc/avr/4.3.4/../../../avr/lib/avr51/libc.a(iob.o)
 .bss           0x008002fc        0x0 /usr/lib/gcc/avr/4.3.4/../../../avr/lib/avr51/libc.a(printf.o)
 .bss           0x008002fc        0x0 /usr/lib/gcc/avr/4.3.4/../../../avr/lib/avr51/libc.a(putchar.o)
 .bss           0x008002fc        0x0 /usr/lib/gcc/avr/4.3.4/../../../avr/lib/avr51/libc.a(puts.o)
 .bss           0x008002fc        0x0 /usr/lib/gcc/avr/4.3.4/../../../avr/lib/avr51/libc.a(sprintf.o)
 .bss           0x008002fc        0x0 /usr/lib/gcc/avr/4.3.4/../../../avr/lib/avr51/libc.a(ultoa_invert.o)
 .bss           0x008002fc        0x0 /usr/lib/gcc/avr/4.3.4/../../../avr/lib/avr51/libc.a(eerd_byte_atmega1281.o)
 .bss           0x008002fc        0x0 /usr/lib/gcc/avr/4.3.4/../../../avr/lib/avr51/libc.a(eewr_byte_atmega1281.o)
 .bss           0x008002fc        0x0 /usr/lib/gcc/avr/4.3.4/../../../avr/lib/avr51/libc.a(calloc.o)
 .bss           0x008002fc        0x0 /usr/lib/gcc/avr/4.3.4/../../../avr/lib/avr51/libc.a(malloc.o)
 .bss           0x008002fc        0x0 /usr/lib/gcc/avr/4.3.4/../../../avr/lib/avr51/libc.a(memset.o)
 .bss           0x008002fc        0x0 /usr/lib/gcc/avr/4.3.4/avr51/libgcc.a(_divmodsi4.o)
 *(.bss*)
 *(COMMON)
 COMMON         0x008002fc      0x74d main.o
                0x008002fc                last_slot_time
                0x00800304                entry
                0x0080030a                rtl_param
                0x00800313                cycle_callback
                0x00800315                _rtl_ready
                0x00800316                rtl_task_stack
                0x00800396                rtl_tx_data_ready
                0x0080039a                error_task
                0x0080039b                _rtl_sync_ok
                0x0080039c                _rtl_contention_slots
                0x0080039d                tx_callback
                0x0080039f                rtl_task
                0x008003c2                rtl_tdma_tx_mask
                0x008003c6                snapshotTime
                0x008003ce                TaskOne
                0x008003f1                rtl_tsync_tx
                0x008003f8                rtl_rfRxInfo
                0x00800401                _rtl_time_token_status
                0x00800402                Stack2
                0x00800482                rtl_abs_tx_slot
                0x00800484                _nrk_signal_list
                0x00800488                _rtl_contention_pending
                0x00800489                rx_buf
                0x008004fd                rtl_rx_slot
                0x008004fe                Stack1
                0x0080057e                rtl_tdma_rx_mask
                0x00800582                nrk_kernel_stk_ptr
                0x00800584                rx_callback
                0x00800586                rtl_rx_data_ready
                0x00800587                tx_buf
                0x008005fb                txQueue
                0x008008b3                rtl_abs_tx_ready
                0x008008b4                slot_callback
                0x008008b6                rtl_node_mode
                0x008008b7                abs_callback
                0x008008b9                rtl_rfTxInfo
                0x008008c0                error_num
                0x008008c1                last_slot
                0x008008c3                currentTime
                0x008008cb                rtl_rx_buf
                0x0080093f                nrk_idle_task_stk
                0x008009bf                _rtl_time_token
                0x008009c0                rtl_tx_info
                0x00800a23                TaskTwo
                0x00800a46                rtl_tsync_buf
 COMMON         0x00800a49       0x67 ../../../src/net/rt_link/rt_link.o
                0x00800a49                app_timer0_callback
                0x00800a4b                tsync_log
                0x00800a53                rtl_rx_pkt_signal
                0x00800a54                global_cycle
                0x00800a56                tsync_delay
                0x00800a5e                slot_start_time
                0x00800a60                rtl_abs_wakeup
                0x00800a68                global_slot
                0x00800a6a                _nrk_time_trigger
                0x00800a6b                _dbg_index
                0x00800a6c                last_sync_slot
                0x00800a6e                prev_offset
                0x00800a70                pkt_log
                0x00800a78                rtl_drift_rate
                0x00800a7a                current_global_slot
                0x00800a7c                app_timer0_prescale
                0x00800a7d                _tsync_index
                0x00800a7e                _nrk_prev_timer_val
                0x00800a7f                rtl_sched
                0x00800a8f                rtl_sched_cache
                0x00800aaf                rtl_tx_done_signal
 COMMON         0x00800ab0        0x2 ../../../src/drivers/platform/firefly2_2/source/ff_basic_sensor.o
                0x00800ab0                is_open
                0x00800ab1                channel
 COMMON         0x00800ab2        0x8 ../../../src/net/slip/slip.o
                0x00800ab2                g_delay
                0x00800ab3                g_dv_out
                0x00800ab5                slip_tx_sem
                0x00800ab7                g_echo
                0x00800ab8                g_dv_in
 COMMON         0x00800aba       0x1b ../../../src/radio/cc2420/source/basic_rf.o
                0x00800aba                rx_ctr
                0x00800abe                radio_sem
                0x00800ac0                security_enable
                0x00800ac1                mdmctrl0
                0x00800ac3                rfSettings
                0x00800acc                tmp_blah
                0x00800ace                auto_ack_enable
                0x00800acf                last_pkt_encrypted
                0x00800ad0                tx_ctr
                0x00800ad4                rx_ready
 COMMON         0x00800ad5       0x83 ../../../src/platform/firefly2_2/source/ulib.o
                0x00800ad5                uart_rx_buf_end
                0x00800ad6                uart_rx_buf
                0x00800b56                uart_rx_signal
                0x00800b57                uart_rx_buf_start
 COMMON         0x00800b58      0x1b7 ../../../src/kernel/source/nrk.o
                0x00800b58                _free_node
                0x00800b5a                nrk_task_TCB
                0x00800ca4                next_next_wakeup
                0x00800ca6                nrk_sem_list
                0x00800cc4                nrk_task_init_cnt
                0x00800cc5                nrk_wakeup_signal
                0x00800cc6                nrk_high_ready_TCB
                0x00800cc8                nrk_cur_task_prio
                0x00800cc9                _nrk_cpu_state
                0x00800cca                _head_node
                0x00800ccc                nrk_system_time
                0x00800cd4                _nrk_resource_cnt
                0x00800cd5                nrk_cur_task_TCB
                0x00800cd7                nrk_high_ready_prio
                0x00800cd8                _nrk_readyQ
 COMMON         0x00800d0f        0x6 ../../../src/kernel/source/nrk_driver.o
                0x00800d0f                _nrk_driver_count
                0x00800d10                nrk_drivers
                0x00800d14                nrk_driver_init
 COMMON         0x00800d15        0x8 ../../../src/kernel/hal/atmega1281/nrk_ext_int.o
                0x00800d15                ext_int1_callback
                0x00800d17                ext_int0_callback
                0x00800d19                ext_int2_callback
                0x00800d1b                pc_int0_callback
 COMMON         0x00800d1d        0x6 /usr/lib/gcc/avr/4.3.4/../../../avr/lib/avr51/libc.a(iob.o)
                0x00800d1d                __iob
 COMMON         0x00800d23        0x4 /usr/lib/gcc/avr/4.3.4/../../../avr/lib/avr51/libc.a(malloc.o)
                0x00800d23                __brkval
                0x00800d25                __flp
                0x00800d27                PROVIDE (__bss_end, .)
                0x000078e4                __data_load_start = LOADADDR (.data)
                0x000079dc                __data_load_end = (__data_load_start + SIZEOF (.data))

.noinit         0x00800d27        0x0
                0x00800d27                PROVIDE (__noinit_start, .)
 *(.noinit*)
                0x00800d27                PROVIDE (__noinit_end, .)
                0x00800d27                _end = .
                0x00800d27                PROVIDE (__heap_start, .)

.eeprom         0x00810000        0x0
 *(.eeprom*)
                0x00810000                __eeprom_end = .

.fuse
 *(.fuse)
 *(.lfuse)
 *(.hfuse)
 *(.efuse)

.lock
 *(.lock*)

.signature
 *(.signature*)

.stab           0x00000000    0x12bb8
 *(.stab)
 .stab          0x00000000      0x750 /usr/lib/gcc/avr/4.3.4/../../../avr/lib/avr51/crtm1281.o
 .stab          0x00000750     0x10d4 main.o
                               0x10e0 (size before relaxing)
 .stab          0x00001824     0x1e18 ../../../src/net/rt_link/rt_link.o
                               0x22a4 (size before relaxing)
 .stab          0x0000363c      0xbc4 ../../../src/net/rt_link/rtl_scheduler.o
                                0xfe4 (size before relaxing)
 .stab          0x00004200      0x780 ../../../src/net/rt_link/rtl_debug.o
                                0xb1c (size before relaxing)
 .stab          0x00004980      0x930 ../../../src/drivers/platform/firefly2_2/source/ff_basic_sensor.o
                                0xcc0 (size before relaxing)
 .stab          0x000052b0      0x7b0 ../../../src/net/slip/slip.o
                                0xb94 (size before relaxing)
 .stab          0x00005a60      0x21c ../../../src/radio/cc2420/source/hal_rf_set_channel.o
                                0x534 (size before relaxing)
 .stab          0x00005c7c      0x21c ../../../src/radio/cc2420/source/hal_rf_wait_for_crystal_oscillator.o
                                0x534 (size before relaxing)
 .stab          0x00005e98     0x1cf8 ../../../src/radio/cc2420/source/basic_rf.o
                               0x20c4 (size before relaxing)
 .stab          0x00007b90     0x1194 ../../../src/platform/firefly2_2/source/ulib.o
                               0x1500 (size before relaxing)
 .stab          0x00008d24      0x210 ../../../src/platform/firefly2_2/source/hal_wait.o
                                0x528 (size before relaxing)
 .stab          0x00008f34      0x630 ../../../src/platform/firefly2_2/source/nrk_eeprom.o
                                0x954 (size before relaxing)
 .stab          0x00009564      0x8dc ../../../src/kernel/source/nrk.o
                                0xcc0 (size before relaxing)
 .stab          0x00009e40      0x27c ../../../src/kernel/source/nrk_stats.o
                                0x66c (size before relaxing)
 .stab          0x0000a0bc      0x78c ../../../src/kernel/source/nrk_error.o
                                0xb94 (size before relaxing)
 .stab          0x0000a848      0x444 ../../../src/kernel/source/nrk_stack_check.o
                                0x834 (size before relaxing)
 .stab          0x0000ac8c      0xdb0 ../../../src/kernel/source/nrk_events.o
                               0x117c (size before relaxing)
 .stab          0x0000ba3c      0xfc0 ../../../src/kernel/source/nrk_task.o
                               0x138c (size before relaxing)
 .stab          0x0000c9fc      0x744 ../../../src/kernel/source/nrk_time.o
                                0xaf8 (size before relaxing)
 .stab          0x0000d140      0x2d0 ../../../src/kernel/source/nrk_idle_task.o
                                0x6d8 (size before relaxing)
 .stab          0x0000d410      0x708 ../../../src/kernel/source/nrk_scheduler.o
                                0xad4 (size before relaxing)
 .stab          0x0000db18      0x678 ../../../src/kernel/source/nrk_driver.o
                                0xa68 (size before relaxing)
 .stab          0x0000e190       0xe4 ../../../src/kernel/source/nrk_reserve.o
                                 0xf0 (size before relaxing)
 .stab          0x0000e274      0xd5c ../../../src/kernel/hal/atmega1281/nrk_timer.o
                               0x10a4 (size before relaxing)
 .stab          0x0000efd0      0x600 ../../../src/kernel/hal/atmega1281/nrk_ext_int.o
                                0x930 (size before relaxing)
 .stab          0x0000f5d0      0x21c ../../../src/kernel/hal/atmega1281/nrk_status.o
                                0x534 (size before relaxing)
 .stab          0x0000f7ec      0x39c ../../../src/kernel/hal/atmega1281/nrk_watchdog.o
                                0x750 (size before relaxing)
 .stab          0x0000fb88      0x738 ../../../src/kernel/hal/atmega1281/nrk_cpu.o
                                0xb04 (size before relaxing)
 .stab          0x000102c0      0x204 ../../../src/kernel/hal/atmega1281/atmel_hw_specific.o
                                0x210 (size before relaxing)
 .stab          0x000104c4      0x7d4 /usr/lib/gcc/avr/4.3.4/../../../avr/lib/avr51/libprintf_min.a(vfprintf_min.o)
                                0x834 (size before relaxing)
 .stab          0x00010c98      0x300 /usr/lib/gcc/avr/4.3.4/../../../avr/lib/avr51/libc.a(rand.o)
                                0x33c (size before relaxing)
 .stab          0x00010f98       0x9c /usr/lib/gcc/avr/4.3.4/../../../avr/lib/avr51/libc.a(strchr_P.o)
                                 0xa8 (size before relaxing)
 .stab          0x00011034      0x270 /usr/lib/gcc/avr/4.3.4/../../../avr/lib/avr51/libc.a(fdevopen.o)
                                0x498 (size before relaxing)
 .stab          0x000112a4      0x24c /usr/lib/gcc/avr/4.3.4/../../../avr/lib/avr51/libc.a(fgetc.o)
                                0x42c (size before relaxing)
 .stab          0x000114f0      0x1d4 /usr/lib/gcc/avr/4.3.4/../../../avr/lib/avr51/libc.a(fputc.o)
                                0x3b4 (size before relaxing)
 .stab          0x000116c4      0x12c /usr/lib/gcc/avr/4.3.4/../../../avr/lib/avr51/libc.a(iob.o)
                                0x30c (size before relaxing)
 .stab          0x000117f0      0x18c /usr/lib/gcc/avr/4.3.4/../../../avr/lib/avr51/libc.a(printf.o)
                                0x36c (size before relaxing)
 .stab          0x0001197c      0x180 /usr/lib/gcc/avr/4.3.4/../../../avr/lib/avr51/libc.a(putchar.o)
                                0x360 (size before relaxing)
 .stab          0x00011afc      0x1d4 /usr/lib/gcc/avr/4.3.4/../../../avr/lib/avr51/libc.a(puts.o)
                                0x3b4 (size before relaxing)
 .stab          0x00011cd0      0x1f8 /usr/lib/gcc/avr/4.3.4/../../../avr/lib/avr51/libc.a(sprintf.o)
                                0x3d8 (size before relaxing)
 .stab          0x00011ec8      0x480 /usr/lib/gcc/avr/4.3.4/../../../avr/lib/avr51/libc.a(ultoa_invert.o)
                                0x48c (size before relaxing)
 .stab          0x00012348       0x90 /usr/lib/gcc/avr/4.3.4/../../../avr/lib/avr51/libc.a(eerd_byte_atmega1281.o)
                                 0x9c (size before relaxing)
 .stab          0x000123d8       0xe4 /usr/lib/gcc/avr/4.3.4/../../../avr/lib/avr51/libc.a(eewr_byte_atmega1281.o)
                                 0xf0 (size before relaxing)
 .stab          0x000124bc      0x174 /usr/lib/gcc/avr/4.3.4/../../../avr/lib/avr51/libc.a(calloc.o)
                                0x1d4 (size before relaxing)
 .stab          0x00012630      0x51c /usr/lib/gcc/avr/4.3.4/../../../avr/lib/avr51/libc.a(malloc.o)
                                0x6fc (size before relaxing)
 .stab          0x00012b4c       0x6c /usr/lib/gcc/avr/4.3.4/../../../avr/lib/avr51/libc.a(memset.o)
                                 0x78 (size before relaxing)

.stabstr        0x00000000     0x74ca
 *(.stabstr)
 .stabstr       0x00000000     0x74ca /usr/lib/gcc/avr/4.3.4/../../../avr/lib/avr51/crtm1281.o

.stab.excl
 *(.stab.excl)

.stab.exclstr
 *(.stab.exclstr)

.stab.index
 *(.stab.index)

.stab.indexstr
 *(.stab.indexstr)

.comment
 *(.comment)

.debug
 *(.debug)

.line
 *(.line)

.debug_srcinfo
 *(.debug_srcinfo)

.debug_sfnames
 *(.debug_sfnames)

.debug_aranges
 *(.debug_aranges)

.debug_pubnames
 *(.debug_pubnames)

.debug_info
 *(.debug_info)
 *(.gnu.linkonce.wi.*)

.debug_abbrev
 *(.debug_abbrev)

.debug_line
 *(.debug_line)

.debug_frame
 *(.debug_frame)

.debug_str
 *(.debug_str)

.debug_loc
 *(.debug_loc)

.debug_macinfo
 *(.debug_macinfo)
OUTPUT(main.elf elf32-avr)
LOAD linker stubs

Cross Reference Table

Symbol                                            File
NRK_ADC_INPUT_0                                   ../../../src/platform/firefly2_2/source/ulib.o
NRK_ADC_INPUT_1                                   ../../../src/platform/firefly2_2/source/ulib.o
NRK_ADC_INPUT_2                                   ../../../src/platform/firefly2_2/source/ulib.o
NRK_ADC_INPUT_3                                   ../../../src/platform/firefly2_2/source/ulib.o
NRK_ADC_INPUT_4                                   ../../../src/platform/firefly2_2/source/ulib.o
NRK_ADC_INPUT_5                                   ../../../src/platform/firefly2_2/source/ulib.o
NRK_ADC_INPUT_6                                   ../../../src/platform/firefly2_2/source/ulib.o
NRK_ADC_INPUT_7                                   ../../../src/platform/firefly2_2/source/ulib.o
NRK_BUTTON                                        ../../../src/platform/firefly2_2/source/ulib.o
NRK_CCA                                           ../../../src/platform/firefly2_2/source/ulib.o
NRK_DEBUG_0                                       ../../../src/platform/firefly2_2/source/ulib.o
NRK_DEBUG_1                                       ../../../src/platform/firefly2_2/source/ulib.o
NRK_DEBUG_2                                       ../../../src/platform/firefly2_2/source/ulib.o
NRK_DEBUG_3                                       ../../../src/platform/firefly2_2/source/ulib.o
NRK_FIFOP                                         ../../../src/platform/firefly2_2/source/ulib.o
NRK_GPIO26                                        ../../../src/platform/firefly2_2/source/ulib.o
NRK_GPIO34                                        ../../../src/platform/firefly2_2/source/ulib.o
NRK_LED_0                                         ../../../src/platform/firefly2_2/source/ulib.o
NRK_LED_1                                         ../../../src/platform/firefly2_2/source/ulib.o
NRK_LED_2                                         ../../../src/platform/firefly2_2/source/ulib.o
NRK_LED_3                                         ../../../src/platform/firefly2_2/source/ulib.o
NRK_MISO                                          ../../../src/platform/firefly2_2/source/ulib.o
NRK_MMC_10                                        ../../../src/platform/firefly2_2/source/ulib.o
NRK_MMC_11                                        ../../../src/platform/firefly2_2/source/ulib.o
NRK_MMC_9                                         ../../../src/platform/firefly2_2/source/ulib.o
NRK_MOSI                                          ../../../src/platform/firefly2_2/source/ulib.o
NRK_SCK                                           ../../../src/platform/firefly2_2/source/ulib.o
NRK_SFD                                           ../../../src/platform/firefly2_2/source/ulib.o
NRK_SPI_SS                                        ../../../src/platform/firefly2_2/source/ulib.o
NRK_UART0_RXD                                     ../../../src/platform/firefly2_2/source/ulib.o
NRK_UART0_TXD                                     ../../../src/platform/firefly2_2/source/ulib.o
NRK_UART1_RXD                                     ../../../src/platform/firefly2_2/source/ulib.o
NRK_UART1_TXD                                     ../../../src/platform/firefly2_2/source/ulib.o
PORT_INIT                                         ../../../src/platform/firefly2_2/source/ulib.o
Stack1                                            main.o
Stack2                                            main.o
Task1                                             main.o
Task2                                             main.o
TaskOne                                           main.o
TaskTwo                                           main.o
__bad_interrupt                                   /usr/lib/gcc/avr/4.3.4/../../../avr/lib/avr51/crtm1281.o
__brkval                                          /usr/lib/gcc/avr/4.3.4/../../../avr/lib/avr51/libc.a(malloc.o)
__bss_end                                         /usr/lib/gcc/avr/4.3.4/avr51/libgcc.a(_clear_bss.o)
__bss_start                                       /usr/lib/gcc/avr/4.3.4/avr51/libgcc.a(_clear_bss.o)
__data_end                                        /usr/lib/gcc/avr/4.3.4/../../../avr/lib/avr51/crtm1281.o
__data_load_start                                 /usr/lib/gcc/avr/4.3.4/../../../avr/lib/avr51/crtm1281.o
__data_start                                      /usr/lib/gcc/avr/4.3.4/../../../avr/lib/avr51/crtm1281.o
__divmodhi4                                       /usr/lib/gcc/avr/4.3.4/avr51/libgcc.a(_divmodhi4.o)
                                                  ../../../src/drivers/platform/firefly2_2/source/ff_basic_sensor.o
                                                  ../../../src/net/rt_link/rt_link.o
__divmodsi4                                       /usr/lib/gcc/avr/4.3.4/avr51/libgcc.a(_divmodsi4.o)
                                                  /usr/lib/gcc/avr/4.3.4/../../../avr/lib/avr51/libc.a(rand.o)
__do_clear_bss                                    /usr/lib/gcc/avr/4.3.4/avr51/libgcc.a(_clear_bss.o)
                                                  /usr/lib/gcc/avr/4.3.4/../../../avr/lib/avr51/libc.a(malloc.o)
                                                  /usr/lib/gcc/avr/4.3.4/../../../avr/lib/avr51/libc.a(calloc.o)
                                                  /usr/lib/gcc/avr/4.3.4/../../../avr/lib/avr51/libc.a(sprintf.o)
                                                  /usr/lib/gcc/avr/4.3.4/../../../avr/lib/avr51/libc.a(puts.o)
                                                  /usr/lib/gcc/avr/4.3.4/../../../avr/lib/avr51/libc.a(putchar.o)
                                                  /usr/lib/gcc/avr/4.3.4/../../../avr/lib/avr51/libc.a(printf.o)
                                                  /usr/lib/gcc/avr/4.3.4/../../../avr/lib/avr51/libc.a(iob.o)
                                                  /usr/lib/gcc/avr/4.3.4/../../../avr/lib/avr51/libc.a(fputc.o)
                                                  /usr/lib/gcc/avr/4.3.4/../../../avr/lib/avr51/libc.a(fgetc.o)
                                                  /usr/lib/gcc/avr/4.3.4/../../../avr/lib/avr51/libc.a(fdevopen.o)
                                                  /usr/lib/gcc/avr/4.3.4/../../../avr/lib/avr51/libc.a(rand.o)
                                                  /usr/lib/gcc/avr/4.3.4/../../../avr/lib/avr51/libprintf_min.a(vfprintf_min.o)
                                                  ../../../src/kernel/hal/atmega1281/nrk_cpu.o
                                                  ../../../src/kernel/hal/atmega1281/nrk_watchdog.o
                                                  ../../../src/kernel/hal/atmega1281/nrk_status.o
                                                  ../../../src/kernel/hal/atmega1281/nrk_ext_int.o
                                                  ../../../src/kernel/hal/atmega1281/nrk_timer.o
                                                  ../../../src/kernel/source/nrk_reserve.o
                                                  ../../../src/kernel/source/nrk_driver.o
                                                  ../../../src/kernel/source/nrk_scheduler.o
                                                  ../../../src/kernel/source/nrk_idle_task.o
                                                  ../../../src/kernel/source/nrk_time.o
                                                  ../../../src/kernel/source/nrk_task.o
                                                  ../../../src/kernel/source/nrk_events.o
                                                  ../../../src/kernel/source/nrk_stack_check.o
                                                  ../../../src/kernel/source/nrk_error.o
                                                  ../../../src/kernel/source/nrk_stats.o
                                                  ../../../src/kernel/source/nrk.o
                                                  ../../../src/platform/firefly2_2/source/nrk_eeprom.o
                                                  ../../../src/platform/firefly2_2/source/hal_wait.o
                                                  ../../../src/platform/firefly2_2/source/ulib.o
                                                  ../../../src/radio/cc2420/source/basic_rf.o
                                                  ../../../src/radio/cc2420/source/hal_rf_wait_for_crystal_oscillator.o
                                                  ../../../src/radio/cc2420/source/hal_rf_set_channel.o
                                                  ../../../src/net/slip/slip.o
                                                  ../../../src/drivers/platform/firefly2_2/source/ff_basic_sensor.o
                                                  ../../../src/net/rt_link/rtl_debug.o
                                                  ../../../src/net/rt_link/rtl_scheduler.o
                                                  ../../../src/net/rt_link/rt_link.o
                                                  main.o
__do_copy_data                                    /usr/lib/gcc/avr/4.3.4/../../../avr/lib/avr51/crtm1281.o
                                                  /usr/lib/gcc/avr/4.3.4/../../../avr/lib/avr51/libc.a(malloc.o)
                                                  /usr/lib/gcc/avr/4.3.4/../../../avr/lib/avr51/libc.a(calloc.o)
                                                  /usr/lib/gcc/avr/4.3.4/../../../avr/lib/avr51/libc.a(sprintf.o)
                                                  /usr/lib/gcc/avr/4.3.4/../../../avr/lib/avr51/libc.a(puts.o)
                                                  /usr/lib/gcc/avr/4.3.4/../../../avr/lib/avr51/libc.a(putchar.o)
                                                  /usr/lib/gcc/avr/4.3.4/../../../avr/lib/avr51/libc.a(printf.o)
                                                  /usr/lib/gcc/avr/4.3.4/../../../avr/lib/avr51/libc.a(iob.o)
                                                  /usr/lib/gcc/avr/4.3.4/../../../avr/lib/avr51/libc.a(fputc.o)
                                                  /usr/lib/gcc/avr/4.3.4/../../../avr/lib/avr51/libc.a(fgetc.o)
                                                  /usr/lib/gcc/avr/4.3.4/../../../avr/lib/avr51/libc.a(fdevopen.o)
                                                  /usr/lib/gcc/avr/4.3.4/../../../avr/lib/avr51/libc.a(rand.o)
                                                  /usr/lib/gcc/avr/4.3.4/../../../avr/lib/avr51/libprintf_min.a(vfprintf_min.o)
                                                  ../../../src/kernel/hal/atmega1281/nrk_cpu.o
                                                  ../../../src/kernel/hal/atmega1281/nrk_watchdog.o
                                                  ../../../src/kernel/hal/atmega1281/nrk_status.o
                                                  ../../../src/kernel/hal/atmega1281/nrk_ext_int.o
                                                  ../../../src/kernel/hal/atmega1281/nrk_timer.o
                                                  ../../../src/kernel/source/nrk_reserve.o
                                                  ../../../src/kernel/source/nrk_driver.o
                                                  ../../../src/kernel/source/nrk_scheduler.o
                                                  ../../../src/kernel/source/nrk_idle_task.o
                                                  ../../../src/kernel/source/nrk_time.o
                                                  ../../../src/kernel/source/nrk_task.o
                                                  ../../../src/kernel/source/nrk_events.o
                                                  ../../../src/kernel/source/nrk_stack_check.o
                                                  ../../../src/kernel/source/nrk_error.o
                                                  ../../../src/kernel/source/nrk_stats.o
                                                  ../../../src/kernel/source/nrk.o
                                                  ../../../src/platform/firefly2_2/source/nrk_eeprom.o
                                                  ../../../src/platform/firefly2_2/source/hal_wait.o
                                                  ../../../src/platform/firefly2_2/source/ulib.o
                                                  ../../../src/radio/cc2420/source/basic_rf.o
                                                  ../../../src/radio/cc2420/source/hal_rf_wait_for_crystal_oscillator.o
                                                  ../../../src/radio/cc2420/source/hal_rf_set_channel.o
                                                  ../../../src/net/slip/slip.o
                                                  ../../../src/drivers/platform/firefly2_2/source/ff_basic_sensor.o
                                                  ../../../src/net/rt_link/rtl_debug.o
                                                  ../../../src/net/rt_link/rtl_scheduler.o
                                                  ../../../src/net/rt_link/rt_link.o
                                                  main.o
__eerd_byte_m1281                                 /usr/lib/gcc/avr/4.3.4/../../../avr/lib/avr51/libc.a(eerd_byte_atmega1281.o)
                                                  ../../../src/platform/firefly2_2/source/nrk_eeprom.o
__eewr_byte_m1281                                 /usr/lib/gcc/avr/4.3.4/../../../avr/lib/avr51/libc.a(eewr_byte_atmega1281.o)
                                                  ../../../src/platform/firefly2_2/source/nrk_eeprom.o
__eewr_r18_m1281                                  /usr/lib/gcc/avr/4.3.4/../../../avr/lib/avr51/libc.a(eewr_byte_atmega1281.o)
__flp                                             /usr/lib/gcc/avr/4.3.4/../../../avr/lib/avr51/libc.a(malloc.o)
__heap_end                                        /usr/lib/gcc/avr/4.3.4/../../../avr/lib/avr51/crtm1281.o
                                                  /usr/lib/gcc/avr/4.3.4/../../../avr/lib/avr51/libc.a(malloc.o)
__heap_start                                      /usr/lib/gcc/avr/4.3.4/../../../avr/lib/avr51/libc.a(malloc.o)
__init                                            /usr/lib/gcc/avr/4.3.4/../../../avr/lib/avr51/crtm1281.o
__iob                                             /usr/lib/gcc/avr/4.3.4/../../../avr/lib/avr51/libc.a(puts.o)
                                                  /usr/lib/gcc/avr/4.3.4/../../../avr/lib/avr51/libc.a(putchar.o)
                                                  /usr/lib/gcc/avr/4.3.4/../../../avr/lib/avr51/libc.a(printf.o)
                                                  /usr/lib/gcc/avr/4.3.4/../../../avr/lib/avr51/libc.a(iob.o)
                                                  /usr/lib/gcc/avr/4.3.4/../../../avr/lib/avr51/libc.a(fdevopen.o)
                                                  ../../../src/kernel/source/nrk_error.o
                                                  ../../../src/platform/firefly2_2/source/ulib.o
                                                  ../../../src/net/slip/slip.o
                                                  main.o
__malloc_heap_end                                 /usr/lib/gcc/avr/4.3.4/../../../avr/lib/avr51/libc.a(malloc.o)
__malloc_heap_start                               /usr/lib/gcc/avr/4.3.4/../../../avr/lib/avr51/libc.a(malloc.o)
__malloc_margin                                   /usr/lib/gcc/avr/4.3.4/../../../avr/lib/avr51/libc.a(malloc.o)
__mulsi3                                          /usr/lib/gcc/avr/4.3.4/avr51/libgcc.a(_mulsi3.o)
                                                  /usr/lib/gcc/avr/4.3.4/../../../avr/lib/avr51/libc.a(rand.o)
                                                  ../../../src/kernel/source/nrk_scheduler.o
                                                  ../../../src/kernel/source/nrk_time.o
                                                  ../../../src/net/rt_link/rt_link.o
__stack                                           /usr/lib/gcc/avr/4.3.4/../../../avr/lib/avr51/crtm1281.o
__udivmodhi4                                      /usr/lib/gcc/avr/4.3.4/avr51/libgcc.a(_udivmodhi4.o)
                                                  /usr/lib/gcc/avr/4.3.4/avr51/libgcc.a(_divmodhi4.o)
                                                  ../../../src/kernel/source/nrk_scheduler.o
__udivmodsi4                                      /usr/lib/gcc/avr/4.3.4/avr51/libgcc.a(_udivmodsi4.o)
                                                  /usr/lib/gcc/avr/4.3.4/avr51/libgcc.a(_divmodsi4.o)
                                                  ../../../src/kernel/source/nrk_scheduler.o
                                                  ../../../src/kernel/source/nrk_time.o
                                                  ../../../src/net/rt_link/rt_link.o
__ultoa_invert                                    /usr/lib/gcc/avr/4.3.4/../../../avr/lib/avr51/libc.a(ultoa_invert.o)
                                                  /usr/lib/gcc/avr/4.3.4/../../../avr/lib/avr51/libprintf_min.a(vfprintf_min.o)
__vector_1                                        ../../../src/kernel/hal/atmega1281/nrk_ext_int.o
                                                  /usr/lib/gcc/avr/4.3.4/../../../avr/lib/avr51/crtm1281.o
__vector_10                                       /usr/lib/gcc/avr/4.3.4/../../../avr/lib/avr51/crtm1281.o
__vector_11                                       /usr/lib/gcc/avr/4.3.4/../../../avr/lib/avr51/crtm1281.o
__vector_12                                       /usr/lib/gcc/avr/4.3.4/../../../avr/lib/avr51/crtm1281.o
__vector_13                                       ../../../src/kernel/hal/atmega1281/nrk_timer.o
                                                  /usr/lib/gcc/avr/4.3.4/../../../avr/lib/avr51/crtm1281.o
__vector_14                                       /usr/lib/gcc/avr/4.3.4/../../../avr/lib/avr51/crtm1281.o
__vector_15                                       ../../../src/kernel/hal/atmega1281/nrk_timer.o
                                                  /usr/lib/gcc/avr/4.3.4/../../../avr/lib/avr51/crtm1281.o
__vector_16                                       /usr/lib/gcc/avr/4.3.4/../../../avr/lib/avr51/crtm1281.o
__vector_17                                       ../../../src/kernel/hal/atmega1281/nrk_timer.o
                                                  /usr/lib/gcc/avr/4.3.4/../../../avr/lib/avr51/crtm1281.o
__vector_18                                       /usr/lib/gcc/avr/4.3.4/../../../avr/lib/avr51/crtm1281.o
__vector_19                                       /usr/lib/gcc/avr/4.3.4/../../../avr/lib/avr51/crtm1281.o
__vector_2                                        /usr/lib/gcc/avr/4.3.4/../../../avr/lib/avr51/crtm1281.o
__vector_20                                       /usr/lib/gcc/avr/4.3.4/../../../avr/lib/avr51/crtm1281.o
__vector_21                                       /usr/lib/gcc/avr/4.3.4/../../../avr/lib/avr51/crtm1281.o
__vector_22                                       /usr/lib/gcc/avr/4.3.4/../../../avr/lib/avr51/crtm1281.o
__vector_23                                       /usr/lib/gcc/avr/4.3.4/../../../avr/lib/avr51/crtm1281.o
__vector_24                                       /usr/lib/gcc/avr/4.3.4/../../../avr/lib/avr51/crtm1281.o
__vector_25                                       /usr/lib/gcc/avr/4.3.4/../../../avr/lib/avr51/crtm1281.o
__vector_26                                       /usr/lib/gcc/avr/4.3.4/../../../avr/lib/avr51/crtm1281.o
__vector_27                                       /usr/lib/gcc/avr/4.3.4/../../../avr/lib/avr51/crtm1281.o
__vector_28                                       /usr/lib/gcc/avr/4.3.4/../../../avr/lib/avr51/crtm1281.o
__vector_29                                       /usr/lib/gcc/avr/4.3.4/../../../avr/lib/avr51/crtm1281.o
__vector_3                                        /usr/lib/gcc/avr/4.3.4/../../../avr/lib/avr51/crtm1281.o
__vector_30                                       /usr/lib/gcc/avr/4.3.4/../../../avr/lib/avr51/crtm1281.o
__vector_31                                       /usr/lib/gcc/avr/4.3.4/../../../avr/lib/avr51/crtm1281.o
__vector_32                                       ../../../src/kernel/hal/atmega1281/nrk_timer.o
                                                  /usr/lib/gcc/avr/4.3.4/../../../avr/lib/avr51/crtm1281.o
__vector_33                                       /usr/lib/gcc/avr/4.3.4/../../../avr/lib/avr51/crtm1281.o
__vector_34                                       /usr/lib/gcc/avr/4.3.4/../../../avr/lib/avr51/crtm1281.o
__vector_35                                       /usr/lib/gcc/avr/4.3.4/../../../avr/lib/avr51/crtm1281.o
__vector_36                                       ../../../src/platform/firefly2_2/source/ulib.o
                                                  /usr/lib/gcc/avr/4.3.4/../../../avr/lib/avr51/crtm1281.o
__vector_37                                       /usr/lib/gcc/avr/4.3.4/../../../avr/lib/avr51/crtm1281.o
__vector_38                                       /usr/lib/gcc/avr/4.3.4/../../../avr/lib/avr51/crtm1281.o
__vector_39                                       /usr/lib/gcc/avr/4.3.4/../../../avr/lib/avr51/crtm1281.o
__vector_4                                        /usr/lib/gcc/avr/4.3.4/../../../avr/lib/avr51/crtm1281.o
__vector_40                                       /usr/lib/gcc/avr/4.3.4/../../../avr/lib/avr51/crtm1281.o
__vector_41                                       /usr/lib/gcc/avr/4.3.4/../../../avr/lib/avr51/crtm1281.o
__vector_42                                       /usr/lib/gcc/avr/4.3.4/../../../avr/lib/avr51/crtm1281.o
__vector_43                                       /usr/lib/gcc/avr/4.3.4/../../../avr/lib/avr51/crtm1281.o
__vector_44                                       /usr/lib/gcc/avr/4.3.4/../../../avr/lib/avr51/crtm1281.o
__vector_45                                       /usr/lib/gcc/avr/4.3.4/../../../avr/lib/avr51/crtm1281.o
__vector_46                                       /usr/lib/gcc/avr/4.3.4/../../../avr/lib/avr51/crtm1281.o
__vector_47                                       /usr/lib/gcc/avr/4.3.4/../../../avr/lib/avr51/crtm1281.o
__vector_48                                       /usr/lib/gcc/avr/4.3.4/../../../avr/lib/avr51/crtm1281.o
__vector_49                                       /usr/lib/gcc/avr/4.3.4/../../../avr/lib/avr51/crtm1281.o
__vector_5                                        /usr/lib/gcc/avr/4.3.4/../../../avr/lib/avr51/crtm1281.o
__vector_50                                       /usr/lib/gcc/avr/4.3.4/../../../avr/lib/avr51/crtm1281.o
__vector_6                                        /usr/lib/gcc/avr/4.3.4/../../../avr/lib/avr51/crtm1281.o
__vector_7                                        /usr/lib/gcc/avr/4.3.4/../../../avr/lib/avr51/crtm1281.o
__vector_8                                        /usr/lib/gcc/avr/4.3.4/../../../avr/lib/avr51/crtm1281.o
__vector_9                                        ../../../src/kernel/hal/atmega1281/nrk_ext_int.o
                                                  /usr/lib/gcc/avr/4.3.4/../../../avr/lib/avr51/crtm1281.o
__vector_default                                  ../../../src/kernel/hal/atmega1281/nrk_timer.o
                                                  /usr/lib/gcc/avr/4.3.4/../../../avr/lib/avr51/crtm1281.o
__vectors                                         /usr/lib/gcc/avr/4.3.4/../../../avr/lib/avr51/crtm1281.o
_dbg_index                                        ../../../src/net/rt_link/rtl_debug.o
                                                  ../../../src/net/rt_link/rt_link.o
_div                                              /usr/lib/gcc/avr/4.3.4/avr51/libgcc.a(_divmodhi4.o)
_exit                                             /usr/lib/gcc/avr/4.3.4/avr51/libgcc.a(_exit.o)
_free_node                                        ../../../src/kernel/hal/atmega1281/nrk_cpu.o
                                                  ../../../src/kernel/source/nrk_scheduler.o
                                                  ../../../src/kernel/source/nrk_task.o
                                                  ../../../src/kernel/source/nrk_events.o
                                                  ../../../src/kernel/source/nrk_stats.o
                                                  ../../../src/kernel/source/nrk.o
_head_node                                        ../../../src/kernel/hal/atmega1281/nrk_cpu.o
                                                  ../../../src/kernel/source/nrk_scheduler.o
                                                  ../../../src/kernel/source/nrk_task.o
                                                  ../../../src/kernel/source/nrk_events.o
                                                  ../../../src/kernel/source/nrk_stats.o
                                                  ../../../src/kernel/source/nrk.o
_nrk_cpu_state                                    ../../../src/kernel/source/nrk_driver.o
                                                  ../../../src/kernel/source/nrk_scheduler.o
                                                  ../../../src/kernel/source/nrk_idle_task.o
                                                  ../../../src/kernel/source/nrk_task.o
                                                  ../../../src/kernel/source/nrk_events.o
                                                  ../../../src/kernel/source/nrk.o
_nrk_driver_count                                 ../../../src/kernel/source/nrk_driver.o
_nrk_errno_set                                    ../../../src/kernel/source/nrk_error.o
                                                  ../../../src/kernel/source/nrk_driver.o
                                                  ../../../src/kernel/source/nrk_events.o
                                                  ../../../src/radio/cc2420/source/basic_rf.o
                                                  ../../../src/net/slip/slip.o
                                                  ../../../src/drivers/platform/firefly2_2/source/ff_basic_sensor.o
_nrk_get_next_wakeup                              ../../../src/kernel/hal/atmega1281/nrk_timer.o
                                                  ../../../src/kernel/source/nrk_idle_task.o
                                                  ../../../src/kernel/source/nrk_task.o
_nrk_high_speed_timer_get                         ../../../src/kernel/hal/atmega1281/nrk_timer.o
                                                  ../../../src/kernel/source/nrk_scheduler.o
                                                  ../../../src/net/rt_link/rt_link.o
_nrk_high_speed_timer_reset                       ../../../src/kernel/hal/atmega1281/nrk_timer.o
                                                  ../../../src/kernel/source/nrk_scheduler.o
                                                  ../../../src/net/rt_link/rt_link.o
_nrk_high_speed_timer_start                       ../../../src/kernel/hal/atmega1281/nrk_timer.o
                                                  ../../../src/net/rt_link/rt_link.o
_nrk_high_speed_timer_stop                        ../../../src/kernel/hal/atmega1281/nrk_timer.o
_nrk_os_timer_get                                 ../../../src/kernel/hal/atmega1281/nrk_timer.o
                                                  ../../../src/kernel/source/nrk_scheduler.o
                                                  ../../../src/kernel/source/nrk_time.o
                                                  ../../../src/kernel/source/nrk_task.o
                                                  ../../../src/radio/cc2420/source/basic_rf.o
                                                  ../../../src/net/rt_link/rt_link.o
_nrk_os_timer_reset                               ../../../src/kernel/hal/atmega1281/nrk_timer.o
                                                  ../../../src/net/rt_link/rt_link.o
_nrk_os_timer_set                                 ../../../src/kernel/hal/atmega1281/nrk_timer.o
                                                  ../../../src/net/rt_link/rt_link.o
_nrk_os_timer_start                               ../../../src/kernel/hal/atmega1281/nrk_timer.o
                                                  ../../../src/net/rt_link/rt_link.o
_nrk_os_timer_stop                                ../../../src/kernel/hal/atmega1281/nrk_timer.o
                                                  ../../../src/net/rt_link/rt_link.o
_nrk_prev_timer_val                               ../../../src/kernel/hal/atmega1281/nrk_cpu.o
                                                  ../../../src/kernel/hal/atmega1281/nrk_timer.o
                                                  ../../../src/kernel/source/nrk_driver.o
                                                  ../../../src/kernel/source/nrk_scheduler.o
                                                  ../../../src/kernel/source/nrk_idle_task.o
                                                  ../../../src/kernel/source/nrk_time.o
                                                  ../../../src/kernel/source/nrk_task.o
                                                  ../../../src/kernel/source/nrk_events.o
                                                  ../../../src/kernel/source/nrk_error.o
                                                  ../../../src/radio/cc2420/source/basic_rf.o
                                                  ../../../src/drivers/platform/firefly2_2/source/ff_basic_sensor.o
                                                  ../../../src/net/rt_link/rt_link.o
_nrk_readyQ                                       ../../../src/kernel/hal/atmega1281/nrk_cpu.o
                                                  ../../../src/kernel/source/nrk_scheduler.o
                                                  ../../../src/kernel/source/nrk_events.o
                                                  ../../../src/kernel/source/nrk_stats.o
                                                  ../../../src/kernel/source/nrk.o
_nrk_resource_cnt                                 ../../../src/kernel/hal/atmega1281/nrk_cpu.o
                                                  ../../../src/kernel/source/nrk_scheduler.o
                                                  ../../../src/kernel/source/nrk_events.o
                                                  ../../../src/kernel/source/nrk_stats.o
                                                  ../../../src/kernel/source/nrk.o
_nrk_scheduler                                    ../../../src/kernel/source/nrk_scheduler.o
                                                  ../../../src/kernel/source/nrk.o
_nrk_set_next_wakeup                              ../../../src/kernel/hal/atmega1281/nrk_timer.o
                                                  ../../../src/kernel/source/nrk_scheduler.o
                                                  ../../../src/kernel/source/nrk_task.o
                                                  ../../../src/net/rt_link/rt_link.o
_nrk_setup_timer                                  ../../../src/kernel/hal/atmega1281/nrk_timer.o
                                                  ../../../src/kernel/hal/atmega1281/nrk_cpu.o
_nrk_signal_list                                  ../../../src/kernel/hal/atmega1281/nrk_cpu.o
                                                  ../../../src/kernel/hal/atmega1281/nrk_watchdog.o
                                                  ../../../src/kernel/hal/atmega1281/nrk_status.o
                                                  ../../../src/kernel/hal/atmega1281/nrk_ext_int.o
                                                  ../../../src/kernel/hal/atmega1281/nrk_timer.o
                                                  ../../../src/kernel/source/nrk_driver.o
                                                  ../../../src/kernel/source/nrk_scheduler.o
                                                  ../../../src/kernel/source/nrk_idle_task.o
                                                  ../../../src/kernel/source/nrk_time.o
                                                  ../../../src/kernel/source/nrk_task.o
                                                  ../../../src/kernel/source/nrk_events.o
                                                  ../../../src/kernel/source/nrk_stack_check.o
                                                  ../../../src/kernel/source/nrk_error.o
                                                  ../../../src/kernel/source/nrk_stats.o
                                                  ../../../src/kernel/source/nrk.o
                                                  ../../../src/platform/firefly2_2/source/nrk_eeprom.o
                                                  ../../../src/platform/firefly2_2/source/hal_wait.o
                                                  ../../../src/platform/firefly2_2/source/ulib.o
                                                  ../../../src/radio/cc2420/source/basic_rf.o
                                                  ../../../src/radio/cc2420/source/hal_rf_wait_for_crystal_oscillator.o
                                                  ../../../src/radio/cc2420/source/hal_rf_set_channel.o
                                                  ../../../src/net/slip/slip.o
                                                  ../../../src/drivers/platform/firefly2_2/source/ff_basic_sensor.o
                                                  ../../../src/net/rt_link/rtl_debug.o
                                                  ../../../src/net/rt_link/rtl_scheduler.o
                                                  ../../../src/net/rt_link/rt_link.o
                                                  main.o
_nrk_startup_ok                                   ../../../src/kernel/hal/atmega1281/nrk_status.o
                                                  ../../../src/kernel/source/nrk.o
_nrk_ticks_to_time                                ../../../src/kernel/source/nrk_time.o
_nrk_time_to_ticks                                ../../../src/kernel/source/nrk_time.o
                                                  ../../../src/kernel/source/nrk_task.o
                                                  ../../../src/kernel/source/nrk.o
_nrk_time_to_ticks_long                           ../../../src/kernel/source/nrk_time.o
_nrk_time_trigger                                 ../../../src/kernel/hal/atmega1281/nrk_cpu.o
                                                  ../../../src/kernel/hal/atmega1281/nrk_timer.o
                                                  ../../../src/kernel/source/nrk_driver.o
                                                  ../../../src/kernel/source/nrk_scheduler.o
                                                  ../../../src/kernel/source/nrk_idle_task.o